Archive member included to satisfy reference by file (symbol)

/opt/st/stm32cubeide_1.10.1/plugins/com.st.stm32cube.ide.mcu.externaltools.gnu-tools-for-stm32.10.3-2021.10.linux64_1.0.0.202111181127/tools/bin/../lib/gcc/arm-none-eabi/10.3.1/../../../../arm-none-eabi/lib/thumb/v7-m/nofp/libc_nano.a(lib_a-errno.o)
                              ./Core/Src/syscalls.o (__errno)
/opt/st/stm32cubeide_1.10.1/plugins/com.st.stm32cube.ide.mcu.externaltools.gnu-tools-for-stm32.10.3-2021.10.linux64_1.0.0.202111181127/tools/bin/../lib/gcc/arm-none-eabi/10.3.1/../../../../arm-none-eabi/lib/thumb/v7-m/nofp/libc_nano.a(lib_a-exit.o)
                              /opt/st/stm32cubeide_1.10.1/plugins/com.st.stm32cube.ide.mcu.externaltools.gnu-tools-for-stm32.10.3-2021.10.linux64_1.0.0.202111181127/tools/bin/../lib/gcc/arm-none-eabi/10.3.1/../../../../arm-none-eabi/lib/thumb/v7-m/nofp/crt0.o (exit)
/opt/st/stm32cubeide_1.10.1/plugins/com.st.stm32cube.ide.mcu.externaltools.gnu-tools-for-stm32.10.3-2021.10.linux64_1.0.0.202111181127/tools/bin/../lib/gcc/arm-none-eabi/10.3.1/../../../../arm-none-eabi/lib/thumb/v7-m/nofp/libc_nano.a(lib_a-impure.o)
                              /opt/st/stm32cubeide_1.10.1/plugins/com.st.stm32cube.ide.mcu.externaltools.gnu-tools-for-stm32.10.3-2021.10.linux64_1.0.0.202111181127/tools/bin/../lib/gcc/arm-none-eabi/10.3.1/../../../../arm-none-eabi/lib/thumb/v7-m/nofp/libc_nano.a(lib_a-exit.o) (_global_impure_ptr)
/opt/st/stm32cubeide_1.10.1/plugins/com.st.stm32cube.ide.mcu.externaltools.gnu-tools-for-stm32.10.3-2021.10.linux64_1.0.0.202111181127/tools/bin/../lib/gcc/arm-none-eabi/10.3.1/../../../../arm-none-eabi/lib/thumb/v7-m/nofp/libc_nano.a(lib_a-init.o)
                              /opt/st/stm32cubeide_1.10.1/plugins/com.st.stm32cube.ide.mcu.externaltools.gnu-tools-for-stm32.10.3-2021.10.linux64_1.0.0.202111181127/tools/bin/../lib/gcc/arm-none-eabi/10.3.1/../../../../arm-none-eabi/lib/thumb/v7-m/nofp/crt0.o (__libc_init_array)
/opt/st/stm32cubeide_1.10.1/plugins/com.st.stm32cube.ide.mcu.externaltools.gnu-tools-for-stm32.10.3-2021.10.linux64_1.0.0.202111181127/tools/bin/../lib/gcc/arm-none-eabi/10.3.1/../../../../arm-none-eabi/lib/thumb/v7-m/nofp/libc_nano.a(lib_a-memset.o)
                              /opt/st/stm32cubeide_1.10.1/plugins/com.st.stm32cube.ide.mcu.externaltools.gnu-tools-for-stm32.10.3-2021.10.linux64_1.0.0.202111181127/tools/bin/../lib/gcc/arm-none-eabi/10.3.1/../../../../arm-none-eabi/lib/thumb/v7-m/nofp/crt0.o (memset)

Discarded input sections

 .text          0x0000000000000000        0x0 /opt/st/stm32cubeide_1.10.1/plugins/com.st.stm32cube.ide.mcu.externaltools.gnu-tools-for-stm32.10.3-2021.10.linux64_1.0.0.202111181127/tools/bin/../lib/gcc/arm-none-eabi/10.3.1/thumb/v7-m/nofp/crti.o
 .data          0x0000000000000000        0x0 /opt/st/stm32cubeide_1.10.1/plugins/com.st.stm32cube.ide.mcu.externaltools.gnu-tools-for-stm32.10.3-2021.10.linux64_1.0.0.202111181127/tools/bin/../lib/gcc/arm-none-eabi/10.3.1/thumb/v7-m/nofp/crti.o
 .bss           0x0000000000000000        0x0 /opt/st/stm32cubeide_1.10.1/plugins/com.st.stm32cube.ide.mcu.externaltools.gnu-tools-for-stm32.10.3-2021.10.linux64_1.0.0.202111181127/tools/bin/../lib/gcc/arm-none-eabi/10.3.1/thumb/v7-m/nofp/crti.o
 .data          0x0000000000000000        0x4 /opt/st/stm32cubeide_1.10.1/plugins/com.st.stm32cube.ide.mcu.externaltools.gnu-tools-for-stm32.10.3-2021.10.linux64_1.0.0.202111181127/tools/bin/../lib/gcc/arm-none-eabi/10.3.1/thumb/v7-m/nofp/crtbegin.o
 .rodata        0x0000000000000000       0x24 /opt/st/stm32cubeide_1.10.1/plugins/com.st.stm32cube.ide.mcu.externaltools.gnu-tools-for-stm32.10.3-2021.10.linux64_1.0.0.202111181127/tools/bin/../lib/gcc/arm-none-eabi/10.3.1/thumb/v7-m/nofp/crtbegin.o
 .text          0x0000000000000000       0x7c /opt/st/stm32cubeide_1.10.1/plugins/com.st.stm32cube.ide.mcu.externaltools.gnu-tools-for-stm32.10.3-2021.10.linux64_1.0.0.202111181127/tools/bin/../lib/gcc/arm-none-eabi/10.3.1/../../../../arm-none-eabi/lib/thumb/v7-m/nofp/crt0.o
 .data          0x0000000000000000        0x0 /opt/st/stm32cubeide_1.10.1/plugins/com.st.stm32cube.ide.mcu.externaltools.gnu-tools-for-stm32.10.3-2021.10.linux64_1.0.0.202111181127/tools/bin/../lib/gcc/arm-none-eabi/10.3.1/../../../../arm-none-eabi/lib/thumb/v7-m/nofp/crt0.o
 .bss           0x0000000000000000        0x0 /opt/st/stm32cubeide_1.10.1/plugins/com.st.stm32cube.ide.mcu.externaltools.gnu-tools-for-stm32.10.3-2021.10.linux64_1.0.0.202111181127/tools/bin/../lib/gcc/arm-none-eabi/10.3.1/../../../../arm-none-eabi/lib/thumb/v7-m/nofp/crt0.o
 .ARM.extab     0x0000000000000000        0x0 /opt/st/stm32cubeide_1.10.1/plugins/com.st.stm32cube.ide.mcu.externaltools.gnu-tools-for-stm32.10.3-2021.10.linux64_1.0.0.202111181127/tools/bin/../lib/gcc/arm-none-eabi/10.3.1/../../../../arm-none-eabi/lib/thumb/v7-m/nofp/crt0.o
[...]
Memory Configuration

Name             Origin             Length             Attributes
RAM              0x0000000020000000 0x0000000000005000 xrw
FLASH            0x0000000008000000 0x0000000000010000 xr
*default*        0x0000000000000000 0xffffffffffffffff

Linker script and memory map

LOAD /opt/st/stm32cubeide_1.10.1/plugins/com.st.stm32cube.ide.mcu.externaltools.gnu-tools-for-stm32.10.3-2021.10.linux64_1.0.0.202111181127/tools/bin/../lib/gcc/arm-none-eabi/10.3.1/thumb/v7-m/nofp/crti.o
LOAD /opt/st/stm32cubeide_1.10.1/plugins/com.st.stm32cube.ide.mcu.externaltools.gnu-tools-for-stm32.10.3-2021.10.linux64_1.0.0.202111181127/tools/bin/../lib/gcc/arm-none-eabi/10.3.1/thumb/v7-m/nofp/crtbegin.o
LOAD /opt/st/stm32cubeide_1.10.1/plugins/com.st.stm32cube.ide.mcu.externaltools.gnu-tools-for-stm32.10.3-2021.10.linux64_1.0.0.202111181127/tools/bin/../lib/gcc/arm-none-eabi/10.3.1/../../../../arm-none-eabi/lib/thumb/v7-m/nofp/crt0.o
LOAD ./Core/Src/gpio.o
LOAD ./Core/Src/main.o
LOAD ./Core/Src/stm32f1xx_hal_msp.o
LOAD ./Core/Src/stm32f1xx_it.o
LOAD ./Core/Src/syscalls.o
LOAD ./Core/Src/sysmem.o
LOAD ./Core/Src/system_stm32f1xx.o
LOAD ./Core/Src/tim.o
LOAD ./Core/Startup/startup_stm32f103c8tx.o
LOAD ./Drivers/STM32F1xx_HAL_Driver/Src/stm32f1xx_hal.o
LOAD ./Drivers/STM32F1xx_HAL_Driver/Src/stm32f1xx_hal_cortex.o
LOAD ./Drivers/STM32F1xx_HAL_Driver/Src/stm32f1xx_hal_dma.o
LOAD ./Drivers/STM32F1xx_HAL_Driver/Src/stm32f1xx_hal_exti.o
LOAD ./Drivers/STM32F1xx_HAL_Driver/Src/stm32f1xx_hal_flash.o
LOAD ./Drivers/STM32F1xx_HAL_Driver/Src/stm32f1xx_hal_flash_ex.o
LOAD ./Drivers/STM32F1xx_HAL_Driver/Src/stm32f1xx_hal_gpio.o
LOAD ./Drivers/STM32F1xx_HAL_Driver/Src/stm32f1xx_hal_gpio_ex.o
LOAD ./Drivers/STM32F1xx_HAL_Driver/Src/stm32f1xx_hal_pcd.o
LOAD ./Drivers/STM32F1xx_HAL_Driver/Src/stm32f1xx_hal_pcd_ex.o
LOAD ./Drivers/STM32F1xx_HAL_Driver/Src/stm32f1xx_hal_pwr.o
LOAD ./Drivers/STM32F1xx_HAL_Driver/Src/stm32f1xx_hal_rcc.o
LOAD ./Drivers/STM32F1xx_HAL_Driver/Src/stm32f1xx_hal_rcc_ex.o
LOAD ./Drivers/STM32F1xx_HAL_Driver/Src/stm32f1xx_hal_tim.o
LOAD ./Drivers/STM32F1xx_HAL_Driver/Src/stm32f1xx_hal_tim_ex.o
LOAD ./Drivers/STM32F1xx_HAL_Driver/Src/stm32f1xx_ll_usb.o
LOAD ./Middlewares/ST/STM32_USB_Device_Library/Class/HID/Src/usbd_hid.o
LOAD ./Middlewares/ST/STM32_USB_Device_Library/Core/Src/usbd_core.o
LOAD ./Middlewares/ST/STM32_USB_Device_Library/Core/Src/usbd_ctlreq.o
LOAD ./Middlewares/ST/STM32_USB_Device_Library/Core/Src/usbd_ioreq.o
LOAD ./USB_DEVICE/App/usb_device.o
LOAD ./USB_DEVICE/App/usbd_desc.o
LOAD ./USB_DEVICE/Target/usbd_conf.o
START GROUP
LOAD /opt/st/stm32cubeide_1.10.1/plugins/com.st.stm32cube.ide.mcu.externaltools.gnu-tools-for-stm32.10.3-2021.10.linux64_1.0.0.202111181127/tools/bin/../lib/gcc/arm-none-eabi/10.3.1/../../../../arm-none-eabi/lib/thumb/v7-m/nofp/libc_nano.a
LOAD /opt/st/stm32cubeide_1.10.1/plugins/com.st.stm32cube.ide.mcu.externaltools.gnu-tools-for-stm32.10.3-2021.10.linux64_1.0.0.202111181127/tools/bin/../lib/gcc/arm-none-eabi/10.3.1/../../../../arm-none-eabi/lib/thumb/v7-m/nofp/libm.a
END GROUP
START GROUP
LOAD /opt/st/stm32cubeide_1.10.1/plugins/com.st.stm32cube.ide.mcu.externaltools.gnu-tools-for-stm32.10.3-2021.10.linux64_1.0.0.202111181127/tools/bin/../lib/gcc/arm-none-eabi/10.3.1/thumb/v7-m/nofp/libgcc.a
LOAD /opt/st/stm32cubeide_1.10.1/plugins/com.st.stm32cube.ide.mcu.externaltools.gnu-tools-for-stm32.10.3-2021.10.linux64_1.0.0.202111181127/tools/bin/../lib/gcc/arm-none-eabi/10.3.1/../../../../arm-none-eabi/lib/thumb/v7-m/nofp/libc_nano.a
END GROUP
START GROUP
LOAD /opt/st/stm32cubeide_1.10.1/plugins/com.st.stm32cube.ide.mcu.externaltools.gnu-tools-for-stm32.10.3-2021.10.linux64_1.0.0.202111181127/tools/bin/../lib/gcc/arm-none-eabi/10.3.1/thumb/v7-m/nofp/libgcc.a
LOAD /opt/st/stm32cubeide_1.10.1/plugins/com.st.stm32cube.ide.mcu.externaltools.gnu-tools-for-stm32.10.3-2021.10.linux64_1.0.0.202111181127/tools/bin/../lib/gcc/arm-none-eabi/10.3.1/../../../../arm-none-eabi/lib/thumb/v7-m/nofp/libc_nano.a
LOAD /opt/st/stm32cubeide_1.10.1/plugins/com.st.stm32cube.ide.mcu.externaltools.gnu-tools-for-stm32.10.3-2021.10.linux64_1.0.0.202111181127/tools/bin/../lib/gcc/arm-none-eabi/10.3.1/../../../../arm-none-eabi/lib/thumb/v7-m/nofp/libnosys.a
END GROUP
START GROUP
LOAD /opt/st/stm32cubeide_1.10.1/plugins/com.st.stm32cube.ide.mcu.externaltools.gnu-tools-for-stm32.10.3-2021.10.linux64_1.0.0.202111181127/tools/bin/../lib/gcc/arm-none-eabi/10.3.1/thumb/v7-m/nofp/libgcc.a
LOAD /opt/st/stm32cubeide_1.10.1/plugins/com.st.stm32cube.ide.mcu.externaltools.gnu-tools-for-stm32.10.3-2021.10.linux64_1.0.0.202111181127/tools/bin/../lib/gcc/arm-none-eabi/10.3.1/../../../../arm-none-eabi/lib/thumb/v7-m/nofp/libc_nano.a
LOAD /opt/st/stm32cubeide_1.10.1/plugins/com.st.stm32cube.ide.mcu.externaltools.gnu-tools-for-stm32.10.3-2021.10.linux64_1.0.0.202111181127/tools/bin/../lib/gcc/arm-none-eabi/10.3.1/../../../../arm-none-eabi/lib/thumb/v7-m/nofp/libnosys.a
END GROUP
LOAD /opt/st/stm32cubeide_1.10.1/plugins/com.st.stm32cube.ide.mcu.externaltools.gnu-tools-for-stm32.10.3-2021.10.linux64_1.0.0.202111181127/tools/bin/../lib/gcc/arm-none-eabi/10.3.1/thumb/v7-m/nofp/crtend.o
LOAD /opt/st/stm32cubeide_1.10.1/plugins/com.st.stm32cube.ide.mcu.externaltools.gnu-tools-for-stm32.10.3-2021.10.linux64_1.0.0.202111181127/tools/bin/../lib/gcc/arm-none-eabi/10.3.1/thumb/v7-m/nofp/crtn.o
                0x0000000020005000                _estack = (ORIGIN (RAM) + LENGTH (RAM))
                0x0000000000000400                _Min_Heap_Size = 0x400
                0x0000000000000400                _Min_Stack_Size = 0x400

.isr_vector     0x0000000008000000      0x10c
                0x0000000008000000                . = ALIGN (0x4)
 *(.isr_vector)
 .isr_vector    0x0000000008000000      0x10c ./Core/Startup/startup_stm32f103c8tx.o
                0x0000000008000000                g_pfnVectors
                0x000000000800010c                . = ALIGN (0x4)

.text           0x000000000800010c     0x5a3c
                0x000000000800010c                . = ALIGN (0x4)
 *(.text)
 .text          0x000000000800010c       0x40 /opt/st/stm32cubeide_1.10.1/plugins/com.st.stm32cube.ide.mcu.externaltools.gnu-tools-for-stm32.10.3-2021.10.linux64_1.0.0.202111181127/tools/bin/../lib/gcc/arm-none-eabi/10.3.1/thumb/v7-m/nofp/crtbegin.o
 *(.text*)
 .text.MX_GPIO_Init
                0x000000000800014c      0x110 ./Core/Src/gpio.o
                0x000000000800014c                MX_GPIO_Init
 .text.main     0x000000000800025c      0x274 ./Core/Src/main.o
                0x000000000800025c                main
 .text.SystemClock_Config
                0x00000000080004d0       0xb4 ./Core/Src/main.o
                0x00000000080004d0                SystemClock_Config
 .text.HAL_TIM_PeriodElapsedCallback
                0x0000000008000584       0x1c ./Core/Src/main.o
                0x0000000008000584                HAL_TIM_PeriodElapsedCallback
 .text.Error_Handler
                0x00000000080005a0        0xa ./Core/Src/main.o
                0x00000000080005a0                Error_Handler
 *fill*         0x00000000080005aa        0x2 
 .text.HAL_MspInit
                0x00000000080005ac       0x64 ./Core/Src/stm32f1xx_hal_msp.o
                0x00000000080005ac                HAL_MspInit
 .text.NMI_Handler
                0x0000000008000610        0x6 ./Core/Src/stm32f1xx_it.o
                0x0000000008000610                NMI_Handler
 .text.HardFault_Handler
                0x0000000008000616        0x6 ./Core/Src/stm32f1xx_it.o
                0x0000000008000616                HardFault_Handler
 .text.MemManage_Handler
                0x000000000800061c        0x6 ./Core/Src/stm32f1xx_it.o
                0x000000000800061c                MemManage_Handler
 .text.BusFault_Handler
                0x0000000008000622        0x6 ./Core/Src/stm32f1xx_it.o
                0x0000000008000622                BusFault_Handler
 .text.UsageFault_Handler
                0x0000000008000628        0x6 ./Core/Src/stm32f1xx_it.o
                0x0000000008000628                UsageFault_Handler
 .text.SVC_Handler
                0x000000000800062e        0xc ./Core/Src/stm32f1xx_it.o
                0x000000000800062e                SVC_Handler
 .text.DebugMon_Handler
                0x000000000800063a        0xc ./Core/Src/stm32f1xx_it.o
                0x000000000800063a                DebugMon_Handler
 .text.PendSV_Handler
                0x0000000008000646        0xc ./Core/Src/stm32f1xx_it.o
                0x0000000008000646                PendSV_Handler
 .text.SysTick_Handler
                0x0000000008000652        0xc ./Core/Src/stm32f1xx_it.o
                0x0000000008000652                SysTick_Handler
 *fill*         0x000000000800065e        0x2 
 .text.USB_LP_CAN1_RX0_IRQHandler
                0x0000000008000660       0x14 ./Core/Src/stm32f1xx_it.o
                0x0000000008000660                USB_LP_CAN1_RX0_IRQHandler
 .text.TIM3_IRQHandler
                0x0000000008000674       0x14 ./Core/Src/stm32f1xx_it.o
                0x0000000008000674                TIM3_IRQHandler
 .text.SystemInit
                0x0000000008000688       0x68 ./Core/Src/system_stm32f1xx.o
                0x0000000008000688                SystemInit
 .text.MX_TIM3_Init
                0x00000000080006f0       0x9c ./Core/Src/tim.o
                0x00000000080006f0                MX_TIM3_Init
 .text.HAL_TIM_Base_MspInit
                0x000000000800078c       0x4c ./Core/Src/tim.o
                0x000000000800078c                HAL_TIM_Base_MspInit
 .text.Reset_Handler
                0x00000000080007d8       0x48 ./Core/Startup/startup_stm32f103c8tx.o
                0x00000000080007d8                Reset_Handler
 .text.Default_Handler
                0x0000000008000820        0x2 ./Core/Startup/startup_stm32f103c8tx.o
                0x0000000008000820                RTC_Alarm_IRQHandler
                0x0000000008000820                EXTI2_IRQHandler
                0x0000000008000820                TIM1_CC_IRQHandler
                0x0000000008000820                PVD_IRQHandler
                0x0000000008000820                EXTI3_IRQHandler
                0x0000000008000820                EXTI0_IRQHandler
                0x0000000008000820                I2C2_EV_IRQHandler
                0x0000000008000820                ADC1_2_IRQHandler
                0x0000000008000820                SPI1_IRQHandler
                0x0000000008000820                TAMPER_IRQHandler
                0x0000000008000820                DMA1_Channel4_IRQHandler
                0x0000000008000820                USART3_IRQHandler
                0x0000000008000820                RTC_IRQHandler
                0x0000000008000820                DMA1_Channel7_IRQHandler
                0x0000000008000820                CAN1_RX1_IRQHandler
                0x0000000008000820                TIM4_IRQHandler
                0x0000000008000820                I2C1_EV_IRQHandler
                0x0000000008000820                DMA1_Channel6_IRQHandler
                0x0000000008000820                RCC_IRQHandler
                0x0000000008000820                TIM1_TRG_COM_IRQHandler
                0x0000000008000820                DMA1_Channel1_IRQHandler
                0x0000000008000820                Default_Handler
                0x0000000008000820                EXTI15_10_IRQHandler
                0x0000000008000820                EXTI9_5_IRQHandler
                0x0000000008000820                SPI2_IRQHandler
                0x0000000008000820                DMA1_Channel5_IRQHandler
                0x0000000008000820                EXTI4_IRQHandler
                0x0000000008000820                USB_HP_CAN1_TX_IRQHandler
                0x0000000008000820                DMA1_Channel3_IRQHandler
                0x0000000008000820                TIM1_UP_IRQHandler
                0x0000000008000820                WWDG_IRQHandler
                0x0000000008000820                TIM2_IRQHandler
                0x0000000008000820                TIM1_BRK_IRQHandler
                0x0000000008000820                EXTI1_IRQHandler
                0x0000000008000820                USART2_IRQHandler
                0x0000000008000820                I2C2_ER_IRQHandler
                0x0000000008000820                DMA1_Channel2_IRQHandler
                0x0000000008000820                CAN1_SCE_IRQHandler
                0x0000000008000820                FLASH_IRQHandler
                0x0000000008000820                USART1_IRQHandler
                0x0000000008000820                I2C1_ER_IRQHandler
                0x0000000008000820                USBWakeUp_IRQHandler
 *fill*         0x0000000008000822        0x2 
 .text.HAL_Init
                0x0000000008000824       0x2c ./Drivers/STM32F1xx_HAL_Driver/Src/stm32f1xx_hal.o
                0x0000000008000824                HAL_Init
 .text.HAL_InitTick
                0x0000000008000850       0x60 ./Drivers/STM32F1xx_HAL_Driver/Src/stm32f1xx_hal.o
                0x0000000008000850                HAL_InitTick
 .text.HAL_IncTick
                0x00000000080008b0       0x24 ./Drivers/STM32F1xx_HAL_Driver/Src/stm32f1xx_hal.o
                0x00000000080008b0                HAL_IncTick
 .text.HAL_GetTick
                0x00000000080008d4       0x14 ./Drivers/STM32F1xx_HAL_Driver/Src/stm32f1xx_hal.o
                0x00000000080008d4                HAL_GetTick
 .text.__NVIC_SetPriorityGrouping
                0x00000000080008e8       0x48 ./Drivers/STM32F1xx_HAL_Driver/Src/stm32f1xx_hal_cortex.o
 .text.__NVIC_GetPriorityGrouping
                0x0000000008000930       0x1c ./Drivers/STM32F1xx_HAL_Driver/Src/stm32f1xx_hal_cortex.o
 .text.__NVIC_EnableIRQ
                0x000000000800094c       0x38 ./Drivers/STM32F1xx_HAL_Driver/Src/stm32f1xx_hal_cortex.o
 .text.__NVIC_SetPriority
                0x0000000008000984       0x54 ./Drivers/STM32F1xx_HAL_Driver/Src/stm32f1xx_hal_cortex.o
 .text.NVIC_EncodePriority
                0x00000000080009d8       0x64 ./Drivers/STM32F1xx_HAL_Driver/Src/stm32f1xx_hal_cortex.o
 .text.SysTick_Config
                0x0000000008000a3c       0x44 ./Drivers/STM32F1xx_HAL_Driver/Src/stm32f1xx_hal_cortex.o
 .text.HAL_NVIC_SetPriorityGrouping
                0x0000000008000a80       0x16 ./Drivers/STM32F1xx_HAL_Driver/Src/stm32f1xx_hal_cortex.o
                0x0000000008000a80                HAL_NVIC_SetPriorityGrouping
 .text.HAL_NVIC_SetPriority
                0x0000000008000a96       0x38 ./Drivers/STM32F1xx_HAL_Driver/Src/stm32f1xx_hal_cortex.o
                0x0000000008000a96                HAL_NVIC_SetPriority
 .text.HAL_NVIC_EnableIRQ
                0x0000000008000ace       0x1c ./Drivers/STM32F1xx_HAL_Driver/Src/stm32f1xx_hal_cortex.o
                0x0000000008000ace                HAL_NVIC_EnableIRQ
 .text.HAL_SYSTICK_Config
                0x0000000008000aea       0x18 ./Drivers/STM32F1xx_HAL_Driver/Src/stm32f1xx_hal_cortex.o
                0x0000000008000aea                HAL_SYSTICK_Config
 *fill*         0x0000000008000b02        0x2 
 .text.HAL_GPIO_Init
                0x0000000008000b04      0x308 ./Drivers/STM32F1xx_HAL_Driver/Src/stm32f1xx_hal_gpio.o
                0x0000000008000b04                HAL_GPIO_Init
 .text.HAL_GPIO_ReadPin
                0x0000000008000e0c       0x2e ./Drivers/STM32F1xx_HAL_Driver/Src/stm32f1xx_hal_gpio.o
                0x0000000008000e0c                HAL_GPIO_ReadPin
 .text.HAL_GPIO_WritePin
                0x0000000008000e3a       0x30 ./Drivers/STM32F1xx_HAL_Driver/Src/stm32f1xx_hal_gpio.o
                0x0000000008000e3a                HAL_GPIO_WritePin
 .text.HAL_PCD_Init
                0x0000000008000e6a      0x1c2 ./Drivers/STM32F1xx_HAL_Driver/Src/stm32f1xx_hal_pcd.o
                0x0000000008000e6a                HAL_PCD_Init
 .text.HAL_PCD_Start
                0x000000000800102c       0x4c ./Drivers/STM32F1xx_HAL_Driver/Src/stm32f1xx_hal_pcd.o
                0x000000000800102c                HAL_PCD_Start
 .text.HAL_PCD_IRQHandler
                0x0000000008001078      0x21c ./Drivers/STM32F1xx_HAL_Driver/Src/stm32f1xx_hal_pcd.o
                0x0000000008001078                HAL_PCD_IRQHandler
 .text.HAL_PCD_SetAddress
                0x0000000008001294       0x4a ./Drivers/STM32F1xx_HAL_Driver/Src/stm32f1xx_hal_pcd.o
                0x0000000008001294                HAL_PCD_SetAddress
 .text.HAL_PCD_EP_Open
                0x00000000080012de       0xc0 ./Drivers/STM32F1xx_HAL_Driver/Src/stm32f1xx_hal_pcd.o
                0x00000000080012de                HAL_PCD_EP_Open
 .text.HAL_PCD_EP_Close
                0x000000000800139e       0x84 ./Drivers/STM32F1xx_HAL_Driver/Src/stm32f1xx_hal_pcd.o
                0x000000000800139e                HAL_PCD_EP_Close
 .text.HAL_PCD_EP_Receive
                0x0000000008001422       0x74 ./Drivers/STM32F1xx_HAL_Driver/Src/stm32f1xx_hal_pcd.o
                0x0000000008001422                HAL_PCD_EP_Receive
 .text.HAL_PCD_EP_Transmit
                0x0000000008001496       0x72 ./Drivers/STM32F1xx_HAL_Driver/Src/stm32f1xx_hal_pcd.o
                0x0000000008001496                HAL_PCD_EP_Transmit
 .text.HAL_PCD_EP_SetStall
                0x0000000008001508       0xb4 ./Drivers/STM32F1xx_HAL_Driver/Src/stm32f1xx_hal_pcd.o
                0x0000000008001508                HAL_PCD_EP_SetStall
 .text.HAL_PCD_EP_ClrStall
                0x00000000080015bc       0x9c ./Drivers/STM32F1xx_HAL_Driver/Src/stm32f1xx_hal_pcd.o
                0x00000000080015bc                HAL_PCD_EP_ClrStall
 .text.PCD_EP_ISR_Handler
                0x0000000008001658      0x538 ./Drivers/STM32F1xx_HAL_Driver/Src/stm32f1xx_hal_pcd.o
 .text.HAL_PCDEx_PMAConfig
                0x0000000008001b90       0x78 ./Drivers/STM32F1xx_HAL_Driver/Src/stm32f1xx_hal_pcd_ex.o
                0x0000000008001b90                HAL_PCDEx_PMAConfig
 .text.HAL_RCC_OscConfig
                0x0000000008001c08      0x504 ./Drivers/STM32F1xx_HAL_Driver/Src/stm32f1xx_hal_rcc.o
                0x0000000008001c08                HAL_RCC_OscConfig
 .text.HAL_RCC_ClockConfig
                0x000000000800210c      0x1d4 ./Drivers/STM32F1xx_HAL_Driver/Src/stm32f1xx_hal_rcc.o
                0x000000000800210c                HAL_RCC_ClockConfig
 .text.HAL_RCC_GetSysClockFreq
                0x00000000080022e0       0xbc ./Drivers/STM32F1xx_HAL_Driver/Src/stm32f1xx_hal_rcc.o
                0x00000000080022e0                HAL_RCC_GetSysClockFreq
 .text.RCC_Delay
                0x000000000800239c       0x3c ./Drivers/STM32F1xx_HAL_Driver/Src/stm32f1xx_hal_rcc.o
 .text.HAL_RCCEx_PeriphCLKConfig
                0x00000000080023d8      0x16c ./Drivers/STM32F1xx_HAL_Driver/Src/stm32f1xx_hal_rcc_ex.o
                0x00000000080023d8                HAL_RCCEx_PeriphCLKConfig
 .text.HAL_TIM_Base_Init
                0x0000000008002544       0x56 ./Drivers/STM32F1xx_HAL_Driver/Src/stm32f1xx_hal_tim.o
                0x0000000008002544                HAL_TIM_Base_Init
 .text.HAL_TIM_Base_Start_IT
                0x000000000800259a       0x46 ./Drivers/STM32F1xx_HAL_Driver/Src/stm32f1xx_hal_tim.o
                0x000000000800259a                HAL_TIM_Base_Start_IT
 .text.HAL_TIM_IRQHandler
                0x00000000080025e0      0x210 ./Drivers/STM32F1xx_HAL_Driver/Src/stm32f1xx_hal_tim.o
                0x00000000080025e0                HAL_TIM_IRQHandler
 .text.HAL_TIM_ConfigClockSource
                0x00000000080027f0      0x188 ./Drivers/STM32F1xx_HAL_Driver/Src/stm32f1xx_hal_tim.o
                0x00000000080027f0                HAL_TIM_ConfigClockSource
 .text.HAL_TIM_OC_DelayElapsedCallback
                0x0000000008002978       0x12 ./Drivers/STM32F1xx_HAL_Driver/Src/stm32f1xx_hal_tim.o
                0x0000000008002978                HAL_TIM_OC_DelayElapsedCallback
 .text.HAL_TIM_IC_CaptureCallback
                0x000000000800298a       0x12 ./Drivers/STM32F1xx_HAL_Driver/Src/stm32f1xx_hal_tim.o
                0x000000000800298a                HAL_TIM_IC_CaptureCallback
 .text.HAL_TIM_PWM_PulseFinishedCallback
                0x000000000800299c       0x12 ./Drivers/STM32F1xx_HAL_Driver/Src/stm32f1xx_hal_tim.o
                0x000000000800299c                HAL_TIM_PWM_PulseFinishedCallback
 .text.HAL_TIM_TriggerCallback
                0x00000000080029ae       0x12 ./Drivers/STM32F1xx_HAL_Driver/Src/stm32f1xx_hal_tim.o
                0x00000000080029ae                HAL_TIM_TriggerCallback
 .text.TIM_Base_SetConfig
                0x00000000080029c0       0xc4 ./Drivers/STM32F1xx_HAL_Driver/Src/stm32f1xx_hal_tim.o
                0x00000000080029c0                TIM_Base_SetConfig
 .text.TIM_TI1_ConfigInputStage
                0x0000000008002a84       0x5c ./Drivers/STM32F1xx_HAL_Driver/Src/stm32f1xx_hal_tim.o
 .text.TIM_TI2_ConfigInputStage
                0x0000000008002ae0       0x5e ./Drivers/STM32F1xx_HAL_Driver/Src/stm32f1xx_hal_tim.o
 .text.TIM_ITRx_SetConfig
                0x0000000008002b3e       0x34 ./Drivers/STM32F1xx_HAL_Driver/Src/stm32f1xx_hal_tim.o
 .text.TIM_ETR_SetConfig
                0x0000000008002b72       0x3e ./Drivers/STM32F1xx_HAL_Driver/Src/stm32f1xx_hal_tim.o
                0x0000000008002b72                TIM_ETR_SetConfig
 .text.HAL_TIMEx_MasterConfigSynchronization
                0x0000000008002bb0       0x88 ./Drivers/STM32F1xx_HAL_Driver/Src/stm32f1xx_hal_tim_ex.o
                0x0000000008002bb0                HAL_TIMEx_MasterConfigSynchronization
 .text.HAL_TIMEx_CommutCallback
                0x0000000008002c38       0x12 ./Drivers/STM32F1xx_HAL_Driver/Src/stm32f1xx_hal_tim_ex.o
                0x0000000008002c38                HAL_TIMEx_CommutCallback
 .text.HAL_TIMEx_BreakCallback
                0x0000000008002c4a       0x12 ./Drivers/STM32F1xx_HAL_Driver/Src/stm32f1xx_hal_tim_ex.o
                0x0000000008002c4a                HAL_TIMEx_BreakCallback
 .text.USB_CoreInit
                0x0000000008002c5c       0x20 ./Drivers/STM32F1xx_HAL_Driver/Src/stm32f1xx_ll_usb.o
                0x0000000008002c5c                USB_CoreInit
 .text.USB_EnableGlobalInt
                0x0000000008002c7c       0x2e ./Drivers/STM32F1xx_HAL_Driver/Src/stm32f1xx_ll_usb.o
                0x0000000008002c7c                USB_EnableGlobalInt
 .text.USB_DisableGlobalInt
                0x0000000008002caa       0x38 ./Drivers/STM32F1xx_HAL_Driver/Src/stm32f1xx_ll_usb.o
                0x0000000008002caa                USB_DisableGlobalInt
 .text.USB_SetCurrentMode
                0x0000000008002ce2       0x18 ./Drivers/STM32F1xx_HAL_Driver/Src/stm32f1xx_ll_usb.o
                0x0000000008002ce2                USB_SetCurrentMode
 .text.USB_DevInit
                0x0000000008002cfa       0x48 ./Drivers/STM32F1xx_HAL_Driver/Src/stm32f1xx_ll_usb.o
                0x0000000008002cfa                USB_DevInit
 *fill*         0x0000000008002d42        0x2 
 .text.USB_ActivateEndpoint
                0x0000000008002d44      0x5dc ./Drivers/STM32F1xx_HAL_Driver/Src/stm32f1xx_ll_usb.o
                0x0000000008002d44                USB_ActivateEndpoint
 .text.USB_DeactivateEndpoint
                0x0000000008003320      0x32c ./Drivers/STM32F1xx_HAL_Driver/Src/stm32f1xx_ll_usb.o
                0x0000000008003320                USB_DeactivateEndpoint
 .text.USB_EPStartXfer
                0x000000000800364c      0x570 ./Drivers/STM32F1xx_HAL_Driver/Src/stm32f1xx_ll_usb.o
                0x000000000800364c                USB_EPStartXfer
 .text.USB_EPSetStall
                0x0000000008003bbc       0x84 ./Drivers/STM32F1xx_HAL_Driver/Src/stm32f1xx_ll_usb.o
                0x0000000008003bbc                USB_EPSetStall
 .text.USB_EPClearStall
                0x0000000008003c40      0x128 ./Drivers/STM32F1xx_HAL_Driver/Src/stm32f1xx_ll_usb.o
                0x0000000008003c40                USB_EPClearStall
 .text.USB_SetDevAddress
                0x0000000008003d68       0x26 ./Drivers/STM32F1xx_HAL_Driver/Src/stm32f1xx_ll_usb.o
                0x0000000008003d68                USB_SetDevAddress
 .text.USB_DevConnect
                0x0000000008003d8e       0x14 ./Drivers/STM32F1xx_HAL_Driver/Src/stm32f1xx_ll_usb.o
                0x0000000008003d8e                USB_DevConnect
 .text.USB_DevDisconnect
                0x0000000008003da2       0x14 ./Drivers/STM32F1xx_HAL_Driver/Src/stm32f1xx_ll_usb.o
                0x0000000008003da2                USB_DevDisconnect
 .text.USB_ReadInterrupts
                0x0000000008003db6       0x1e ./Drivers/STM32F1xx_HAL_Driver/Src/stm32f1xx_ll_usb.o
                0x0000000008003db6                USB_ReadInterrupts
 .text.USB_EP0_OutStart
                0x0000000008003dd4       0x16 ./Drivers/STM32F1xx_HAL_Driver/Src/stm32f1xx_ll_usb.o
                0x0000000008003dd4                USB_EP0_OutStart
 .text.USB_WritePMA
                0x0000000008003dea       0x8a ./Drivers/STM32F1xx_HAL_Driver/Src/stm32f1xx_ll_usb.o
                0x0000000008003dea                USB_WritePMA
 .text.USB_ReadPMA
                0x0000000008003e74       0x9e ./Drivers/STM32F1xx_HAL_Driver/Src/stm32f1xx_ll_usb.o
                0x0000000008003e74                USB_ReadPMA
 .text.USBD_HID_Init
                0x0000000008003f12       0x4e ./Middlewares/ST/STM32_USB_Device_Library/Class/HID/Src/usbd_hid.o
 .text.USBD_HID_DeInit
                0x0000000008003f60       0x42 ./Middlewares/ST/STM32_USB_Device_Library/Class/HID/Src/usbd_hid.o
 *fill*         0x0000000008003fa2        0x2 
 .text.USBD_HID_Setup
                0x0000000008003fa4      0x1fc ./Middlewares/ST/STM32_USB_Device_Library/Class/HID/Src/usbd_hid.o
 .text.USBD_HID_SendReport
                0x00000000080041a0       0x44 ./Middlewares/ST/STM32_USB_Device_Library/Class/HID/Src/usbd_hid.o
                0x00000000080041a0                USBD_HID_SendReport
 .text.USBD_HID_GetFSCfgDesc
                0x00000000080041e4       0x20 ./Middlewares/ST/STM32_USB_Device_Library/Class/HID/Src/usbd_hid.o
 .text.USBD_HID_GetHSCfgDesc
                0x0000000008004204       0x20 ./Middlewares/ST/STM32_USB_Device_Library/Class/HID/Src/usbd_hid.o
 .text.USBD_HID_GetOtherSpeedCfgDesc
                0x0000000008004224       0x20 ./Middlewares/ST/STM32_USB_Device_Library/Class/HID/Src/usbd_hid.o
 .text.USBD_HID_DataIn
                0x0000000008004244       0x22 ./Middlewares/ST/STM32_USB_Device_Library/Class/HID/Src/usbd_hid.o
 *fill*         0x0000000008004266        0x2 
 .text.USBD_HID_GetDeviceQualifierDesc
                0x0000000008004268       0x20 ./Middlewares/ST/STM32_USB_Device_Library/Class/HID/Src/usbd_hid.o
 .text.USBD_Init
                0x0000000008004288       0x56 ./Middlewares/ST/STM32_USB_Device_Library/Core/Src/usbd_core.o
                0x0000000008004288                USBD_Init
 .text.USBD_RegisterClass
                0x00000000080042de       0x32 ./Middlewares/ST/STM32_USB_Device_Library/Core/Src/usbd_core.o
                0x00000000080042de                USBD_RegisterClass
 .text.USBD_Start
                0x0000000008004310       0x18 ./Middlewares/ST/STM32_USB_Device_Library/Core/Src/usbd_core.o
                0x0000000008004310                USBD_Start
 .text.USBD_RunTestMode
                0x0000000008004328       0x14 ./Middlewares/ST/STM32_USB_Device_Library/Core/Src/usbd_core.o
                0x0000000008004328                USBD_RunTestMode
 .text.USBD_SetClassConfig
                0x000000000800433c       0x3e ./Middlewares/ST/STM32_USB_Device_Library/Core/Src/usbd_core.o
                0x000000000800433c                USBD_SetClassConfig
 .text.USBD_ClrClassConfig
                0x000000000800437a       0x26 ./Middlewares/ST/STM32_USB_Device_Library/Core/Src/usbd_core.o
                0x000000000800437a                USBD_ClrClassConfig
 .text.USBD_LL_SetupStage
                0x00000000080043a0       0x9a ./Middlewares/ST/STM32_USB_Device_Library/Core/Src/usbd_core.o
                0x00000000080043a0                USBD_LL_SetupStage
 .text.USBD_LL_DataOutStage
                0x000000000800443a       0xe2 ./Middlewares/ST/STM32_USB_Device_Library/Core/Src/usbd_core.o
                0x000000000800443a                USBD_LL_DataOutStage
 .text.USBD_LL_DataInStage
                0x000000000800451c      0x14a ./Middlewares/ST/STM32_USB_Device_Library/Core/Src/usbd_core.o
                0x000000000800451c                USBD_LL_DataInStage
 .text.USBD_LL_Reset
                0x0000000008004666       0x82 ./Middlewares/ST/STM32_USB_Device_Library/Core/Src/usbd_core.o
                0x0000000008004666                USBD_LL_Reset
 .text.USBD_LL_SetSpeed
                0x00000000080046e8       0x1e ./Middlewares/ST/STM32_USB_Device_Library/Core/Src/usbd_core.o
                0x00000000080046e8                USBD_LL_SetSpeed
 .text.USBD_LL_Suspend
                0x0000000008004706       0x28 ./Middlewares/ST/STM32_USB_Device_Library/Core/Src/usbd_core.o
                0x0000000008004706                USBD_LL_Suspend
 .text.USBD_LL_Resume
                0x000000000800472e       0x2a ./Middlewares/ST/STM32_USB_Device_Library/Core/Src/usbd_core.o
                0x000000000800472e                USBD_LL_Resume
 .text.USBD_LL_SOF
                0x0000000008004758       0x34 ./Middlewares/ST/STM32_USB_Device_Library/Core/Src/usbd_core.o
                0x0000000008004758                USBD_LL_SOF
 .text.USBD_StdDevReq
                0x000000000800478c       0xd4 ./Middlewares/ST/STM32_USB_Device_Library/Core/Src/usbd_ctlreq.o
                0x000000000800478c                USBD_StdDevReq
 .text.USBD_StdItfReq
                0x0000000008004860       0x90 ./Middlewares/ST/STM32_USB_Device_Library/Core/Src/usbd_ctlreq.o
                0x0000000008004860                USBD_StdItfReq
 .text.USBD_StdEPReq
                0x00000000080048f0      0x2c6 ./Middlewares/ST/STM32_USB_Device_Library/Core/Src/usbd_ctlreq.o
                0x00000000080048f0                USBD_StdEPReq
 *fill*         0x0000000008004bb6        0x2 
 .text.USBD_GetDescriptor
                0x0000000008004bb8      0x2d0 ./Middlewares/ST/STM32_USB_Device_Library/Core/Src/usbd_ctlreq.o
 .text.USBD_SetAddress
                0x0000000008004e88       0x86 ./Middlewares/ST/STM32_USB_Device_Library/Core/Src/usbd_ctlreq.o
 *fill*         0x0000000008004f0e        0x2 
 .text.USBD_SetConfig
                0x0000000008004f10      0x11c ./Middlewares/ST/STM32_USB_Device_Library/Core/Src/usbd_ctlreq.o
 .text.USBD_GetConfig
                0x000000000800502c       0x6a ./Middlewares/ST/STM32_USB_Device_Library/Core/Src/usbd_ctlreq.o
 .text.USBD_GetStatus
                0x0000000008005096       0x66 ./Middlewares/ST/STM32_USB_Device_Library/Core/Src/usbd_ctlreq.o
 .text.USBD_SetFeature
                0x00000000080050fc       0x28 ./Middlewares/ST/STM32_USB_Device_Library/Core/Src/usbd_ctlreq.o
 .text.USBD_ClrFeature
                0x0000000008005124       0x42 ./Middlewares/ST/STM32_USB_Device_Library/Core/Src/usbd_ctlreq.o
 .text.USBD_ParseSetupRequest
                0x0000000008005166       0x78 ./Middlewares/ST/STM32_USB_Device_Library/Core/Src/usbd_ctlreq.o
                0x0000000008005166                USBD_ParseSetupRequest
 .text.USBD_CtlError
                0x00000000080051de       0x22 ./Middlewares/ST/STM32_USB_Device_Library/Core/Src/usbd_ctlreq.o
                0x00000000080051de                USBD_CtlError
 .text.USBD_GetString
                0x0000000008005200       0x84 ./Middlewares/ST/STM32_USB_Device_Library/Core/Src/usbd_ctlreq.o
                0x0000000008005200                USBD_GetString
 .text.USBD_GetLen
                0x0000000008005284       0x2e ./Middlewares/ST/STM32_USB_Device_Library/Core/Src/usbd_ctlreq.o
 .text.USBD_CtlSendData
                0x00000000080052b2       0x38 ./Middlewares/ST/STM32_USB_Device_Library/Core/Src/usbd_ioreq.o
                0x00000000080052b2                USBD_CtlSendData
 .text.USBD_CtlContinueSendData
                0x00000000080052ea       0x24 ./Middlewares/ST/STM32_USB_Device_Library/Core/Src/usbd_ioreq.o
                0x00000000080052ea                USBD_CtlContinueSendData
 .text.USBD_CtlContinueRx
                0x000000000800530e       0x24 ./Middlewares/ST/STM32_USB_Device_Library/Core/Src/usbd_ioreq.o
                0x000000000800530e                USBD_CtlContinueRx
 .text.USBD_CtlSendStatus
                0x0000000008005332       0x26 ./Middlewares/ST/STM32_USB_Device_Library/Core/Src/usbd_ioreq.o
                0x0000000008005332                USBD_CtlSendStatus
 .text.USBD_CtlReceiveStatus
                0x0000000008005358       0x26 ./Middlewares/ST/STM32_USB_Device_Library/Core/Src/usbd_ioreq.o
                0x0000000008005358                USBD_CtlReceiveStatus
 *fill*         0x000000000800537e        0x2 
 .text.MX_USB_DEVICE_Init
                0x0000000008005380       0x4c ./USB_DEVICE/App/usb_device.o
                0x0000000008005380                MX_USB_DEVICE_Init
 .text.USBD_FS_DeviceDescriptor
                0x00000000080053cc       0x24 ./USB_DEVICE/App/usbd_desc.o
                0x00000000080053cc                USBD_FS_DeviceDescriptor
 .text.USBD_FS_LangIDStrDescriptor
                0x00000000080053f0       0x24 ./USB_DEVICE/App/usbd_desc.o
                0x00000000080053f0                USBD_FS_LangIDStrDescriptor
 .text.USBD_FS_ProductStrDescriptor
                0x0000000008005414       0x3c ./USB_DEVICE/App/usbd_desc.o
                0x0000000008005414                USBD_FS_ProductStrDescriptor
 .text.USBD_FS_ManufacturerStrDescriptor
                0x0000000008005450       0x28 ./USB_DEVICE/App/usbd_desc.o
                0x0000000008005450                USBD_FS_ManufacturerStrDescriptor
 .text.USBD_FS_SerialStrDescriptor
                0x0000000008005478       0x24 ./USB_DEVICE/App/usbd_desc.o
                0x0000000008005478                USBD_FS_SerialStrDescriptor
 .text.USBD_FS_ConfigStrDescriptor
                0x000000000800549c       0x3c ./USB_DEVICE/App/usbd_desc.o
                0x000000000800549c                USBD_FS_ConfigStrDescriptor
 .text.USBD_FS_InterfaceStrDescriptor
                0x00000000080054d8       0x3c ./USB_DEVICE/App/usbd_desc.o
                0x00000000080054d8                USBD_FS_InterfaceStrDescriptor
 .text.Get_SerialNum
                0x0000000008005514       0x58 ./USB_DEVICE/App/usbd_desc.o
 .text.IntToUnicode
                0x000000000800556c       0x7c ./USB_DEVICE/App/usbd_desc.o
 .text.HAL_PCD_MspInit
                0x00000000080055e8       0x4c ./USB_DEVICE/Target/usbd_conf.o
                0x00000000080055e8                HAL_PCD_MspInit
 .text.HAL_PCD_SetupStageCallback
                0x0000000008005634       0x24 ./USB_DEVICE/Target/usbd_conf.o
                0x0000000008005634                HAL_PCD_SetupStageCallback
 .text.HAL_PCD_DataOutStageCallback
                0x0000000008005658       0x30 ./USB_DEVICE/Target/usbd_conf.o
                0x0000000008005658                HAL_PCD_DataOutStageCallback
 .text.HAL_PCD_DataInStageCallback
                0x0000000008005688       0x2e ./USB_DEVICE/Target/usbd_conf.o
                0x0000000008005688                HAL_PCD_DataInStageCallback
 .text.HAL_PCD_SOFCallback
                0x00000000080056b6       0x1c ./USB_DEVICE/Target/usbd_conf.o
                0x00000000080056b6                HAL_PCD_SOFCallback
 .text.HAL_PCD_ResetCallback
                0x00000000080056d2       0x3c ./USB_DEVICE/Target/usbd_conf.o
                0x00000000080056d2                HAL_PCD_ResetCallback
 *fill*         0x000000000800570e        0x2 
 .text.HAL_PCD_SuspendCallback
                0x0000000008005710       0x34 ./USB_DEVICE/Target/usbd_conf.o
                0x0000000008005710                HAL_PCD_SuspendCallback
 .text.HAL_PCD_ResumeCallback
                0x0000000008005744       0x1c ./USB_DEVICE/Target/usbd_conf.o
                0x0000000008005744                HAL_PCD_ResumeCallback
 .text.USBD_LL_Init
                0x0000000008005760       0x90 ./USB_DEVICE/Target/usbd_conf.o
                0x0000000008005760                USBD_LL_Init
 .text.USBD_LL_Start
                0x00000000080057f0       0x36 ./USB_DEVICE/Target/usbd_conf.o
                0x00000000080057f0                USBD_LL_Start
 .text.USBD_LL_OpenEP
                0x0000000008005826       0x4c ./USB_DEVICE/Target/usbd_conf.o
                0x0000000008005826                USBD_LL_OpenEP
 .text.USBD_LL_CloseEP
                0x0000000008005872       0x3e ./USB_DEVICE/Target/usbd_conf.o
                0x0000000008005872                USBD_LL_CloseEP
 .text.USBD_LL_StallEP
                0x00000000080058b0       0x3e ./USB_DEVICE/Target/usbd_conf.o
                0x00000000080058b0                USBD_LL_StallEP
 .text.USBD_LL_ClearStallEP
                0x00000000080058ee       0x3e ./USB_DEVICE/Target/usbd_conf.o
                0x00000000080058ee                USBD_LL_ClearStallEP
 .text.USBD_LL_IsStallEP
                0x000000000800592c       0x4a ./USB_DEVICE/Target/usbd_conf.o
                0x000000000800592c                USBD_LL_IsStallEP
 .text.USBD_LL_SetUSBAddress
                0x0000000008005976       0x3e ./USB_DEVICE/Target/usbd_conf.o
                0x0000000008005976                USBD_LL_SetUSBAddress
 .text.USBD_LL_Transmit
                0x00000000080059b4       0x46 ./USB_DEVICE/Target/usbd_conf.o
                0x00000000080059b4                USBD_LL_Transmit
 .text.USBD_LL_PrepareReceive
                0x00000000080059fa       0x46 ./USB_DEVICE/Target/usbd_conf.o
                0x00000000080059fa                USBD_LL_PrepareReceive
 .text.USBD_static_malloc
                0x0000000008005a40       0x18 ./USB_DEVICE/Target/usbd_conf.o
                0x0000000008005a40                USBD_static_malloc
 .text.USBD_static_free
                0x0000000008005a58       0x12 ./USB_DEVICE/Target/usbd_conf.o
                0x0000000008005a58                USBD_static_free
 .text.HAL_PCDEx_SetConnectionState
                0x0000000008005a6a       0x16 ./USB_DEVICE/Target/usbd_conf.o
                0x0000000008005a6a                HAL_PCDEx_SetConnectionState
 .text.USBD_Get_USB_Status
                0x0000000008005a80       0x58 ./USB_DEVICE/Target/usbd_conf.o
 .text.__libc_init_array
                0x0000000008005ad8       0x48 /opt/st/stm32cubeide_1.10.1/plugins/com.st.stm32cube.ide.mcu.externaltools.gnu-tools-for-stm32.10.3-2021.10.linux64_1.0.0.202111181127/tools/bin/../lib/gcc/arm-none-eabi/10.3.1/../../../../arm-none-eabi/lib/thumb/v7-m/nofp/libc_nano.a(lib_a-init.o)
                0x0000000008005ad8                __libc_init_array
 .text.memset   0x0000000008005b20       0x10 /opt/st/stm32cubeide_1.10.1/plugins/com.st.stm32cube.ide.mcu.externaltools.gnu-tools-for-stm32.10.3-2021.10.linux64_1.0.0.202111181127/tools/bin/../lib/gcc/arm-none-eabi/10.3.1/../../../../arm-none-eabi/lib/thumb/v7-m/nofp/libc_nano.a(lib_a-memset.o)
                0x0000000008005b20                memset
 *(.glue_7)
 .glue_7        0x0000000008005b30        0x0 linker stubs
 *(.glue_7t)
 .glue_7t       0x0000000008005b30        0x0 linker stubs
 *(.eh_frame)
 .eh_frame      0x0000000008005b30        0x0 /opt/st/stm32cubeide_1.10.1/plugins/com.st.stm32cube.ide.mcu.externaltools.gnu-tools-for-stm32.10.3-2021.10.linux64_1.0.0.202111181127/tools/bin/../lib/gcc/arm-none-eabi/10.3.1/thumb/v7-m/nofp/crtbegin.o
 *(.init)
 .init          0x0000000008005b30        0x4 /opt/st/stm32cubeide_1.10.1/plugins/com.st.stm32cube.ide.mcu.externaltools.gnu-tools-for-stm32.10.3-2021.10.linux64_1.0.0.202111181127/tools/bin/../lib/gcc/arm-none-eabi/10.3.1/thumb/v7-m/nofp/crti.o
                0x0000000008005b30                _init
 .init          0x0000000008005b34        0x8 /opt/st/stm32cubeide_1.10.1/plugins/com.st.stm32cube.ide.mcu.externaltools.gnu-tools-for-stm32.10.3-2021.10.linux64_1.0.0.202111181127/tools/bin/../lib/gcc/arm-none-eabi/10.3.1/thumb/v7-m/nofp/crtn.o
 *(.fini)
 .fini          0x0000000008005b3c        0x4 /opt/st/stm32cubeide_1.10.1/plugins/com.st.stm32cube.ide.mcu.externaltools.gnu-tools-for-stm32.10.3-2021.10.linux64_1.0.0.202111181127/tools/bin/../lib/gcc/arm-none-eabi/10.3.1/thumb/v7-m/nofp/crti.o
                0x0000000008005b3c                _fini
 .fini          0x0000000008005b40        0x8 /opt/st/stm32cubeide_1.10.1/plugins/com.st.stm32cube.ide.mcu.externaltools.gnu-tools-for-stm32.10.3-2021.10.linux64_1.0.0.202111181127/tools/bin/../lib/gcc/arm-none-eabi/10.3.1/thumb/v7-m/nofp/crtn.o
                0x0000000008005b48                . = ALIGN (0x4)
                0x0000000008005b48                _etext = .

.vfp11_veneer   0x0000000008005b48        0x0
 .vfp11_veneer  0x0000000008005b48        0x0 linker stubs

.v4_bx          0x0000000008005b48        0x0
 .v4_bx         0x0000000008005b48        0x0 linker stubs

.iplt           0x0000000008005b48        0x0
 .iplt          0x0000000008005b48        0x0 /opt/st/stm32cubeide_1.10.1/plugins/com.st.stm32cube.ide.mcu.externaltools.gnu-tools-for-stm32.10.3-2021.10.linux64_1.0.0.202111181127/tools/bin/../lib/gcc/arm-none-eabi/10.3.1/thumb/v7-m/nofp/crtbegin.o

.rodata         0x0000000008005b48       0x68
                0x0000000008005b48                . = ALIGN (0x4)
 *(.rodata)
 .rodata        0x0000000008005b48       0x10 ./Drivers/STM32F1xx_HAL_Driver/Src/stm32f1xx_hal_rcc.o
 .rodata        0x0000000008005b58       0x46 ./USB_DEVICE/App/usbd_desc.o
 *(.rodata*)
 *fill*         0x0000000008005b9e        0x2 
 .rodata.AHBPrescTable
                0x0000000008005ba0       0x10 ./Core/Src/system_stm32f1xx.o
                0x0000000008005ba0                AHBPrescTable
                0x0000000008005bb0                . = ALIGN (0x4)

.rel.dyn        0x0000000008005bb0        0x0
 .rel.iplt      0x0000000008005bb0        0x0 /opt/st/stm32cubeide_1.10.1/plugins/com.st.stm32cube.ide.mcu.externaltools.gnu-tools-for-stm32.10.3-2021.10.linux64_1.0.0.202111181127/tools/bin/../lib/gcc/arm-none-eabi/10.3.1/thumb/v7-m/nofp/crtbegin.o

.ARM.extab      0x0000000008005bb0        0x0
                0x0000000008005bb0                . = ALIGN (0x4)
 *(.ARM.extab* .gnu.linkonce.armextab.*)
                0x0000000008005bb0                . = ALIGN (0x4)

.ARM            0x0000000008005bb0        0x0
                0x0000000008005bb0                . = ALIGN (0x4)
                0x0000000008005bb0                __exidx_start = .
 *(.ARM.exidx*)
                0x0000000008005bb0                __exidx_end = .
                0x0000000008005bb0                . = ALIGN (0x4)

.preinit_array  0x0000000008005bb0        0x0
                0x0000000008005bb0                . = ALIGN (0x4)
                0x0000000008005bb0                PROVIDE (__preinit_array_start = .)
 *(.preinit_array*)
                0x0000000008005bb0                PROVIDE (__preinit_array_end = .)
                0x0000000008005bb0                . = ALIGN (0x4)

.init_array     0x0000000008005bb0        0x4
                0x0000000008005bb0                . = ALIGN (0x4)
                0x0000000008005bb0                PROVIDE (__init_array_start = .)
 *(SORT_BY_NAME(.init_array.*))
 *(.init_array*)
 .init_array    0x0000000008005bb0        0x4 /opt/st/stm32cubeide_1.10.1/plugins/com.st.stm32cube.ide.mcu.externaltools.gnu-tools-for-stm32.10.3-2021.10.linux64_1.0.0.202111181127/tools/bin/../lib/gcc/arm-none-eabi/10.3.1/thumb/v7-m/nofp/crtbegin.o
                0x0000000008005bb4                PROVIDE (__init_array_end = .)
                0x0000000008005bb4                . = ALIGN (0x4)

.fini_array     0x0000000008005bb4        0x4
                0x0000000008005bb4                . = ALIGN (0x4)
                [!provide]                        PROVIDE (__fini_array_start = .)
 *(SORT_BY_NAME(.fini_array.*))
 *(.fini_array*)
 .fini_array    0x0000000008005bb4        0x4 /opt/st/stm32cubeide_1.10.1/plugins/com.st.stm32cube.ide.mcu.externaltools.gnu-tools-for-stm32.10.3-2021.10.linux64_1.0.0.202111181127/tools/bin/../lib/gcc/arm-none-eabi/10.3.1/thumb/v7-m/nofp/crtbegin.o
                [!provide]                        PROVIDE (__fini_array_end = .)
                0x0000000008005bb8                . = ALIGN (0x4)
                0x0000000008005bb8                _sidata = LOADADDR (.data)

.data           0x0000000020000000      0x164 load address 0x0000000008005bb8
                0x0000000020000000                . = ALIGN (0x4)
                0x0000000020000000                _sdata = .
 *(.data)
 *(.data*)
 .data.SystemCoreClock
                0x0000000020000000        0x4 ./Core/Src/system_stm32f1xx.o
                0x0000000020000000                SystemCoreClock
 .data.uwTickPrio
                0x0000000020000004        0x4 ./Drivers/STM32F1xx_HAL_Driver/Src/stm32f1xx_hal.o
                0x0000000020000004                uwTickPrio
 .data.uwTickFreq
                0x0000000020000008        0x1 ./Drivers/STM32F1xx_HAL_Driver/Src/stm32f1xx_hal.o
                0x0000000020000008                uwTickFreq
 *fill*         0x0000000020000009        0x3 
 .data.USBD_HID
                0x000000002000000c       0x38 ./Middlewares/ST/STM32_USB_Device_Library/Class/HID/Src/usbd_hid.o
                0x000000002000000c                USBD_HID
 .data.USBD_HID_CfgFSDesc
                0x0000000020000044       0x22 ./Middlewares/ST/STM32_USB_Device_Library/Class/HID/Src/usbd_hid.o
 *fill*         0x0000000020000066        0x2 
 .data.USBD_HID_CfgHSDesc
                0x0000000020000068       0x22 ./Middlewares/ST/STM32_USB_Device_Library/Class/HID/Src/usbd_hid.o
 *fill*         0x000000002000008a        0x2 
 .data.USBD_HID_OtherSpeedCfgDesc
                0x000000002000008c       0x22 ./Middlewares/ST/STM32_USB_Device_Library/Class/HID/Src/usbd_hid.o
 *fill*         0x00000000200000ae        0x2 
 .data.USBD_HID_Desc
                0x00000000200000b0        0x9 ./Middlewares/ST/STM32_USB_Device_Library/Class/HID/Src/usbd_hid.o
 *fill*         0x00000000200000b9        0x3 
 .data.USBD_HID_DeviceQualifierDesc
                0x00000000200000bc        0xa ./Middlewares/ST/STM32_USB_Device_Library/Class/HID/Src/usbd_hid.o
 *fill*         0x00000000200000c6        0x2 
 .data.HID_MOUSE_ReportDesc
                0x00000000200000c8       0x4a ./Middlewares/ST/STM32_USB_Device_Library/Class/HID/Src/usbd_hid.o
 *fill*         0x0000000020000112        0x2 
 .data.FS_Desc  0x0000000020000114       0x1c ./USB_DEVICE/App/usbd_desc.o
                0x0000000020000114                FS_Desc
 .data.USBD_FS_DeviceDesc
                0x0000000020000130       0x12 ./USB_DEVICE/App/usbd_desc.o
                0x0000000020000130                USBD_FS_DeviceDesc
 *fill*         0x0000000020000142        0x2 
 .data.USBD_LangIDDesc
                0x0000000020000144        0x4 ./USB_DEVICE/App/usbd_desc.o
                0x0000000020000144                USBD_LangIDDesc
 .data.USBD_StringSerial
                0x0000000020000148       0x1a ./USB_DEVICE/App/usbd_desc.o
                0x0000000020000148                USBD_StringSerial
 *(.RamFunc)
 *(.RamFunc*)
                0x0000000020000164                . = ALIGN (0x4)
 *fill*         0x0000000020000162        0x2 
                0x0000000020000164                _edata = .

.igot.plt       0x0000000020000164        0x0 load address 0x0000000008005d1c
 .igot.plt      0x0000000020000164        0x0 /opt/st/stm32cubeide_1.10.1/plugins/com.st.stm32cube.ide.mcu.externaltools.gnu-tools-for-stm32.10.3-2021.10.linux64_1.0.0.202111181127/tools/bin/../lib/gcc/arm-none-eabi/10.3.1/thumb/v7-m/nofp/crtbegin.o
                0x0000000020000164                . = ALIGN (0x4)

.bss            0x0000000020000164      0x7b0 load address 0x0000000008005d1c
                0x0000000020000164                _sbss = .
                0x0000000020000164                __bss_start__ = _sbss
 *(.bss)
 .bss           0x0000000020000164       0x1c /opt/st/stm32cubeide_1.10.1/plugins/com.st.stm32cube.ide.mcu.externaltools.gnu-tools-for-stm32.10.3-2021.10.linux64_1.0.0.202111181127/tools/bin/../lib/gcc/arm-none-eabi/10.3.1/thumb/v7-m/nofp/crtbegin.o
 *(.bss*)
 .bss.reporteUsb
                0x0000000020000180        0x3 ./Core/Src/main.o
                0x0000000020000180                reporteUsb
 .bss.flag_tim3
                0x0000000020000183        0x1 ./Core/Src/main.o
                0x0000000020000183                flag_tim3
 .bss.joystickTipe
                0x0000000020000184        0x1 ./Core/Src/main.o
                0x0000000020000184                joystickTipe
 *fill*         0x0000000020000185        0x3 
 .bss.htim3     0x0000000020000188       0x40 ./Core/Src/tim.o
                0x0000000020000188                htim3
 .bss.uwTick    0x00000000200001c8        0x4 ./Drivers/STM32F1xx_HAL_Driver/Src/stm32f1xx_hal.o
                0x00000000200001c8                uwTick
 .bss.cfgidx.0  0x00000000200001cc        0x1 ./Middlewares/ST/STM32_USB_Device_Library/Core/Src/usbd_ctlreq.o
 *fill*         0x00000000200001cd        0x3 
 .bss.hUsbDeviceFS
                0x00000000200001d0      0x2c4 ./USB_DEVICE/App/usb_device.o
                0x00000000200001d0                hUsbDeviceFS
 .bss.USBD_StrDesc
                0x0000000020000494      0x200 ./USB_DEVICE/App/usbd_desc.o
                0x0000000020000494                USBD_StrDesc
 .bss.hpcd_USB_FS
                0x0000000020000694      0x26c ./USB_DEVICE/Target/usbd_conf.o
                0x0000000020000694                hpcd_USB_FS
 .bss.mem.0     0x0000000020000900       0x14 ./USB_DEVICE/Target/usbd_conf.o
 *(COMMON)
                0x0000000020000914                . = ALIGN (0x4)
                0x0000000020000914                _ebss = .
                0x0000000020000914                __bss_end__ = _ebss

._user_heap_stack
                0x0000000020000914      0x804 load address 0x0000000008005d1c
                0x0000000020000918                . = ALIGN (0x8)
 *fill*         0x0000000020000914        0x4 
                [!provide]                        PROVIDE (end = .)
                0x0000000020000918                PROVIDE (_end = .)
                0x0000000020000d18                . = (. + _Min_Heap_Size)
 *fill*         0x0000000020000918      0x400 
                0x0000000020001118                . = (. + _Min_Stack_Size)
 *fill*         0x0000000020000d18      0x400 
                0x0000000020001118                . = ALIGN (0x8)

/DISCARD/
 libc.a(*)
 libm.a(*)
 libgcc.a(*)

.ARM.attributes
                0x0000000000000000       0x29
 *(.ARM.attributes)
 .ARM.attributes
                0x0000000000000000       0x1d /opt/st/stm32cubeide_1.10.1/plugins/com.st.stm32cube.ide.mcu.externaltools.gnu-tools-for-stm32.10.3-2021.10.linux64_1.0.0.202111181127/tools/bin/../lib/gcc/arm-none-eabi/10.3.1/thumb/v7-m/nofp/crti.o
 .ARM.attributes
                0x000000000000001d       0x2d /opt/st/stm32cubeide_1.10.1/plugins/com.st.stm32cube.ide.mcu.externaltools.gnu-tools-for-stm32.10.3-2021.10.linux64_1.0.0.202111181127/tools/bin/../lib/gcc/arm-none-eabi/10.3.1/thumb/v7-m/nofp/crtbegin.o
 .ARM.attributes
                0x000000000000004a       0x2d ./Core/Src/gpio.o
 .ARM.attributes
                0x0000000000000077       0x2d ./Core/Src/main.o
 .ARM.attributes
                0x00000000000000a4       0x2d ./Core/Src/stm32f1xx_hal_msp.o
 .ARM.attributes
                0x00000000000000d1       0x2d ./Core/Src/stm32f1xx_it.o
 .ARM.attributes
                0x00000000000000fe       0x2d ./Core/Src/system_stm32f1xx.o
 .ARM.attributes
                0x000000000000012b       0x2d ./Core/Src/tim.o
 .ARM.attributes
                0x0000000000000158       0x21 ./Core/Startup/startup_stm32f103c8tx.o
 .ARM.attributes
                0x0000000000000179       0x2d ./Drivers/STM32F1xx_HAL_Driver/Src/stm32f1xx_hal.o
 .ARM.attributes
                0x00000000000001a6       0x2d ./Drivers/STM32F1xx_HAL_Driver/Src/stm32f1xx_hal_cortex.o
 .ARM.attributes
                0x00000000000001d3       0x2d ./Drivers/STM32F1xx_HAL_Driver/Src/stm32f1xx_hal_gpio.o
 .ARM.attributes
                0x0000000000000200       0x2d ./Drivers/STM32F1xx_HAL_Driver/Src/stm32f1xx_hal_pcd.o
 .ARM.attributes
                0x000000000000022d       0x2d ./Drivers/STM32F1xx_HAL_Driver/Src/stm32f1xx_hal_pcd_ex.o
 .ARM.attributes
                0x000000000000025a       0x2d ./Drivers/STM32F1xx_HAL_Driver/Src/stm32f1xx_hal_rcc.o
 .ARM.attributes
                0x0000000000000287       0x2d ./Drivers/STM32F1xx_HAL_Driver/Src/stm32f1xx_hal_rcc_ex.o
 .ARM.attributes
                0x00000000000002b4       0x2d ./Drivers/STM32F1xx_HAL_Driver/Src/stm32f1xx_hal_tim.o
 .ARM.attributes
                0x00000000000002e1       0x2d ./Drivers/STM32F1xx_HAL_Driver/Src/stm32f1xx_hal_tim_ex.o
 .ARM.attributes
                0x000000000000030e       0x2d ./Drivers/STM32F1xx_HAL_Driver/Src/stm32f1xx_ll_usb.o
 .ARM.attributes
                0x000000000000033b       0x2d ./Middlewares/ST/STM32_USB_Device_Library/Class/HID/Src/usbd_hid.o
 .ARM.attributes
                0x0000000000000368       0x2d ./Middlewares/ST/STM32_USB_Device_Library/Core/Src/usbd_core.o
 .ARM.attributes
                0x0000000000000395       0x2d ./Middlewares/ST/STM32_USB_Device_Library/Core/Src/usbd_ctlreq.o
 .ARM.attributes
                0x00000000000003c2       0x2d ./Middlewares/ST/STM32_USB_Device_Library/Core/Src/usbd_ioreq.o
 .ARM.attributes
                0x00000000000003ef       0x2d ./USB_DEVICE/App/usb_device.o
 .ARM.attributes
                0x000000000000041c       0x2d ./USB_DEVICE/App/usbd_desc.o
 .ARM.attributes
                0x0000000000000449       0x2d ./USB_DEVICE/Target/usbd_conf.o
 .ARM.attributes
                0x0000000000000476       0x2d /opt/st/stm32cubeide_1.10.1/plugins/com.st.stm32cube.ide.mcu.externaltools.gnu-tools-for-stm32.10.3-2021.10.linux64_1.0.0.202111181127/tools/bin/../lib/gcc/arm-none-eabi/10.3.1/../../../../arm-none-eabi/lib/thumb/v7-m/nofp/libc_nano.a(lib_a-init.o)
 .ARM.attributes
                0x00000000000004a3       0x2d /opt/st/stm32cubeide_1.10.1/plugins/com.st.stm32cube.ide.mcu.externaltools.gnu-tools-for-stm32.10.3-2021.10.linux64_1.0.0.202111181127/tools/bin/../lib/gcc/arm-none-eabi/10.3.1/../../../../arm-none-eabi/lib/thumb/v7-m/nofp/libc_nano.a(lib_a-memset.o)
 .ARM.attributes
                0x00000000000004d0       0x1d /opt/st/stm32cubeide_1.10.1/plugins/com.st.stm32cube.ide.mcu.externaltools.gnu-tools-for-stm32.10.3-2021.10.linux64_1.0.0.202111181127/tools/bin/../lib/gcc/arm-none-eabi/10.3.1/thumb/v7-m/nofp/crtn.o
OUTPUT(joystickUSB_STM32F103C8T6.elf elf32-littlearm)
LOAD linker stubs
LOAD /opt/st/stm32cubeide_1.10.1/plugins/com.st.stm32cube.ide.mcu.externaltools.gnu-tools-for-stm32.10.3-2021.10.linux64_1.0.0.202111181127/tools/bin/../lib/gcc/arm-none-eabi/10.3.1/../../../../arm-none-eabi/lib/thumb/v7-m/nofp/libc.a
LOAD /opt/st/stm32cubeide_1.10.1/plugins/com.st.stm32cube.ide.mcu.externaltools.gnu-tools-for-stm32.10.3-2021.10.linux64_1.0.0.202111181127/tools/bin/../lib/gcc/arm-none-eabi/10.3.1/../../../../arm-none-eabi/lib/thumb/v7-m/nofp/libm.a
LOAD /opt/st/stm32cubeide_1.10.1/plugins/com.st.stm32cube.ide.mcu.externaltools.gnu-tools-for-stm32.10.3-2021.10.linux64_1.0.0.202111181127/tools/bin/../lib/gcc/arm-none-eabi/10.3.1/thumb/v7-m/nofp/libgcc.a

.debug_info     0x0000000000000000     0xfefc
 .debug_info    0x0000000000000000      0x30b ./Core/Src/gpio.o
 .debug_info    0x000000000000030b      0xf0e ./Core/Src/main.o
 .debug_info    0x0000000000001219      0x210 ./Core/Src/stm32f1xx_hal_msp.o
 .debug_info    0x0000000000001429      0xb1e ./Core/Src/stm32f1xx_it.o
 .debug_info    0x0000000000001f47      0x3f8 ./Core/Src/system_stm32f1xx.o
 .debug_info    0x000000000000233f      0x95f ./Core/Src/tim.o
 .debug_info    0x0000000000002c9e       0x22 ./Core/Startup/startup_stm32f103c8tx.o
 .debug_info    0x0000000000002cc0      0x71c ./Drivers/STM32F1xx_HAL_Driver/Src/stm32f1xx_hal.o
 .debug_info    0x00000000000033dc      0xb20 ./Drivers/STM32F1xx_HAL_Driver/Src/stm32f1xx_hal_cortex.o
 .debug_info    0x0000000000003efc      0x605 ./Drivers/STM32F1xx_HAL_Driver/Src/stm32f1xx_hal_gpio.o
 .debug_info    0x0000000000004501     0x1091 ./Drivers/STM32F1xx_HAL_Driver/Src/stm32f1xx_hal_pcd.o
 .debug_info    0x0000000000005592      0x70a ./Drivers/STM32F1xx_HAL_Driver/Src/stm32f1xx_hal_pcd_ex.o
 .debug_info    0x0000000000005c9c      0x860 ./Drivers/STM32F1xx_HAL_Driver/Src/stm32f1xx_hal_rcc.o
 .debug_info    0x00000000000064fc      0x3e0 ./Drivers/STM32F1xx_HAL_Driver/Src/stm32f1xx_hal_rcc_ex.o
 .debug_info    0x00000000000068dc     0x2619 ./Drivers/STM32F1xx_HAL_Driver/Src/stm32f1xx_hal_tim.o
 .debug_info    0x0000000000008ef5     0x123d ./Drivers/STM32F1xx_HAL_Driver/Src/stm32f1xx_hal_tim_ex.o
 .debug_info    0x000000000000a132     0x1541 ./Drivers/STM32F1xx_HAL_Driver/Src/stm32f1xx_ll_usb.o
 .debug_info    0x000000000000b673      0x995 ./Middlewares/ST/STM32_USB_Device_Library/Class/HID/Src/usbd_hid.o
 .debug_info    0x000000000000c008      0xb02 ./Middlewares/ST/STM32_USB_Device_Library/Core/Src/usbd_core.o
 .debug_info    0x000000000000cb0a      0x9b6 ./Middlewares/ST/STM32_USB_Device_Library/Core/Src/usbd_ctlreq.o
 .debug_info    0x000000000000d4c0      0x715 ./Middlewares/ST/STM32_USB_Device_Library/Core/Src/usbd_ioreq.o
 .debug_info    0x000000000000dbd5      0x59c ./USB_DEVICE/App/usb_device.o
 .debug_info    0x000000000000e171      0x484 ./USB_DEVICE/App/usbd_desc.o
 .debug_info    0x000000000000e5f5     0x1907 ./USB_DEVICE/Target/usbd_conf.o

.debug_abbrev   0x0000000000000000     0x2de8
 .debug_abbrev  0x0000000000000000      0x134 ./Core/Src/gpio.o
 .debug_abbrev  0x0000000000000134      0x28d ./Core/Src/main.o
 .debug_abbrev  0x00000000000003c1       0xd4 ./Core/Src/stm32f1xx_hal_msp.o
 .debug_abbrev  0x0000000000000495      0x1b5 ./Core/Src/stm32f1xx_it.o
 .debug_abbrev  0x000000000000064a      0x13b ./Core/Src/system_stm32f1xx.o
 .debug_abbrev  0x0000000000000785      0x1f7 ./Core/Src/tim.o
 .debug_abbrev  0x000000000000097c       0x12 ./Core/Startup/startup_stm32f103c8tx.o
 .debug_abbrev  0x000000000000098e      0x20e ./Drivers/STM32F1xx_HAL_Driver/Src/stm32f1xx_hal.o
 .debug_abbrev  0x0000000000000b9c      0x2ed ./Drivers/STM32F1xx_HAL_Driver/Src/stm32f1xx_hal_cortex.o
 .debug_abbrev  0x0000000000000e89      0x1bb ./Drivers/STM32F1xx_HAL_Driver/Src/stm32f1xx_hal_gpio.o
 .debug_abbrev  0x0000000000001044      0x2b4 ./Drivers/STM32F1xx_HAL_Driver/Src/stm32f1xx_hal_pcd.o
 .debug_abbrev  0x00000000000012f8      0x17f ./Drivers/STM32F1xx_HAL_Driver/Src/stm32f1xx_hal_pcd_ex.o
 .debug_abbrev  0x0000000000001477      0x2a8 ./Drivers/STM32F1xx_HAL_Driver/Src/stm32f1xx_hal_rcc.o
 .debug_abbrev  0x000000000000171f      0x182 ./Drivers/STM32F1xx_HAL_Driver/Src/stm32f1xx_hal_rcc_ex.o
 .debug_abbrev  0x00000000000018a1      0x25d ./Drivers/STM32F1xx_HAL_Driver/Src/stm32f1xx_hal_tim.o
 .debug_abbrev  0x0000000000001afe      0x24b ./Drivers/STM32F1xx_HAL_Driver/Src/stm32f1xx_hal_tim_ex.o
 .debug_abbrev  0x0000000000001d49      0x1be ./Drivers/STM32F1xx_HAL_Driver/Src/stm32f1xx_ll_usb.o
 .debug_abbrev  0x0000000000001f07      0x258 ./Middlewares/ST/STM32_USB_Device_Library/Class/HID/Src/usbd_hid.o
 .debug_abbrev  0x000000000000215f      0x236 ./Middlewares/ST/STM32_USB_Device_Library/Core/Src/usbd_core.o
 .debug_abbrev  0x0000000000002395      0x257 ./Middlewares/ST/STM32_USB_Device_Library/Core/Src/usbd_ctlreq.o
 .debug_abbrev  0x00000000000025ec      0x183 ./Middlewares/ST/STM32_USB_Device_Library/Core/Src/usbd_ioreq.o
 .debug_abbrev  0x000000000000276f      0x17a ./USB_DEVICE/App/usb_device.o
 .debug_abbrev  0x00000000000028e9      0x1fa ./USB_DEVICE/App/usbd_desc.o
 .debug_abbrev  0x0000000000002ae3      0x305 ./USB_DEVICE/Target/usbd_conf.o

.debug_aranges  0x0000000000000000      0xf48
 .debug_aranges
                0x0000000000000000       0x20 ./Core/Src/gpio.o
 .debug_aranges
                0x0000000000000020       0x38 ./Core/Src/main.o
 .debug_aranges
                0x0000000000000058       0x20 ./Core/Src/stm32f1xx_hal_msp.o
 .debug_aranges
                0x0000000000000078       0x70 ./Core/Src/stm32f1xx_it.o
 .debug_aranges
                0x00000000000000e8       0x28 ./Core/Src/system_stm32f1xx.o
 .debug_aranges
                0x0000000000000110       0x30 ./Core/Src/tim.o
 .debug_aranges
                0x0000000000000140       0x28 ./Core/Startup/startup_stm32f103c8tx.o
 .debug_aranges
                0x0000000000000168       0xe0 ./Drivers/STM32F1xx_HAL_Driver/Src/stm32f1xx_hal.o
 .debug_aranges
                0x0000000000000248      0x100 ./Drivers/STM32F1xx_HAL_Driver/Src/stm32f1xx_hal_cortex.o
 .debug_aranges
                0x0000000000000348       0x58 ./Drivers/STM32F1xx_HAL_Driver/Src/stm32f1xx_hal_gpio.o
 .debug_aranges
                0x00000000000003a0      0x120 ./Drivers/STM32F1xx_HAL_Driver/Src/stm32f1xx_hal_pcd.o
 .debug_aranges
                0x00000000000004c0       0x38 ./Drivers/STM32F1xx_HAL_Driver/Src/stm32f1xx_hal_pcd_ex.o
 .debug_aranges
                0x00000000000004f8       0x90 ./Drivers/STM32F1xx_HAL_Driver/Src/stm32f1xx_hal_rcc.o
 .debug_aranges
                0x0000000000000588       0x30 ./Drivers/STM32F1xx_HAL_Driver/Src/stm32f1xx_hal_rcc_ex.o
 .debug_aranges
                0x00000000000005b8      0x3a8 ./Drivers/STM32F1xx_HAL_Driver/Src/stm32f1xx_hal_tim.o
 .debug_aranges
                0x0000000000000960      0x150 ./Drivers/STM32F1xx_HAL_Driver/Src/stm32f1xx_hal_tim_ex.o
 .debug_aranges
                0x0000000000000ab0      0x108 ./Drivers/STM32F1xx_HAL_Driver/Src/stm32f1xx_ll_usb.o
 .debug_aranges
                0x0000000000000bb8       0x68 ./Middlewares/ST/STM32_USB_Device_Library/Class/HID/Src/usbd_hid.o
 .debug_aranges
                0x0000000000000c20       0xb8 ./Middlewares/ST/STM32_USB_Device_Library/Core/Src/usbd_core.o
 .debug_aranges
                0x0000000000000cd8       0x88 ./Middlewares/ST/STM32_USB_Device_Library/Core/Src/usbd_ctlreq.o
 .debug_aranges
                0x0000000000000d60       0x50 ./Middlewares/ST/STM32_USB_Device_Library/Core/Src/usbd_ioreq.o
 .debug_aranges
                0x0000000000000db0       0x20 ./USB_DEVICE/App/usb_device.o
 .debug_aranges
                0x0000000000000dd0       0x60 ./USB_DEVICE/App/usbd_desc.o
 .debug_aranges
                0x0000000000000e30      0x118 ./USB_DEVICE/Target/usbd_conf.o

.debug_ranges   0x0000000000000000      0xdd0
 .debug_ranges  0x0000000000000000       0x10 ./Core/Src/gpio.o
 .debug_ranges  0x0000000000000010       0x28 ./Core/Src/main.o
 .debug_ranges  0x0000000000000038       0x10 ./Core/Src/stm32f1xx_hal_msp.o
 .debug_ranges  0x0000000000000048       0x60 ./Core/Src/stm32f1xx_it.o
 .debug_ranges  0x00000000000000a8       0x18 ./Core/Src/system_stm32f1xx.o
 .debug_ranges  0x00000000000000c0       0x20 ./Core/Src/tim.o
 .debug_ranges  0x00000000000000e0       0x20 ./Core/Startup/startup_stm32f103c8tx.o
 .debug_ranges  0x0000000000000100       0xd0 ./Drivers/STM32F1xx_HAL_Driver/Src/stm32f1xx_hal.o
 .debug_ranges  0x00000000000001d0       0xf0 ./Drivers/STM32F1xx_HAL_Driver/Src/stm32f1xx_hal_cortex.o
 .debug_ranges  0x00000000000002c0       0x48 ./Drivers/STM32F1xx_HAL_Driver/Src/stm32f1xx_hal_gpio.o
 .debug_ranges  0x0000000000000308      0x110 ./Drivers/STM32F1xx_HAL_Driver/Src/stm32f1xx_hal_pcd.o
 .debug_ranges  0x0000000000000418       0x28 ./Drivers/STM32F1xx_HAL_Driver/Src/stm32f1xx_hal_pcd_ex.o
 .debug_ranges  0x0000000000000440       0x80 ./Drivers/STM32F1xx_HAL_Driver/Src/stm32f1xx_hal_rcc.o
 .debug_ranges  0x00000000000004c0       0x20 ./Drivers/STM32F1xx_HAL_Driver/Src/stm32f1xx_hal_rcc_ex.o
 .debug_ranges  0x00000000000004e0      0x398 ./Drivers/STM32F1xx_HAL_Driver/Src/stm32f1xx_hal_tim.o
 .debug_ranges  0x0000000000000878      0x140 ./Drivers/STM32F1xx_HAL_Driver/Src/stm32f1xx_hal_tim_ex.o
 .debug_ranges  0x00000000000009b8       0xf8 ./Drivers/STM32F1xx_HAL_Driver/Src/stm32f1xx_ll_usb.o
 .debug_ranges  0x0000000000000ab0       0x58 ./Middlewares/ST/STM32_USB_Device_Library/Class/HID/Src/usbd_hid.o
 .debug_ranges  0x0000000000000b08       0xa8 ./Middlewares/ST/STM32_USB_Device_Library/Core/Src/usbd_core.o
 .debug_ranges  0x0000000000000bb0       0x78 ./Middlewares/ST/STM32_USB_Device_Library/Core/Src/usbd_ctlreq.o
 .debug_ranges  0x0000000000000c28       0x40 ./Middlewares/ST/STM32_USB_Device_Library/Core/Src/usbd_ioreq.o
 .debug_ranges  0x0000000000000c68       0x10 ./USB_DEVICE/App/usb_device.o
 .debug_ranges  0x0000000000000c78       0x50 ./USB_DEVICE/App/usbd_desc.o
 .debug_ranges  0x0000000000000cc8      0x108 ./USB_DEVICE/Target/usbd_conf.o

.debug_macro    0x0000000000000000    0x16e64
 .debug_macro   0x0000000000000000      0x1cd ./Core/Src/gpio.o
 .debug_macro   0x00000000000001cd      0xa6c ./Core/Src/gpio.o
 .debug_macro   0x0000000000000c39      0x21b ./Core/Src/gpio.o
 .debug_macro   0x0000000000000e54       0x2e ./Core/Src/gpio.o
 .debug_macro   0x0000000000000e82       0x22 ./Core/Src/gpio.o
 .debug_macro   0x0000000000000ea4       0x22 ./Core/Src/gpio.o
 .debug_macro   0x0000000000000ec6       0x8e ./Core/Src/gpio.o
 .debug_macro   0x0000000000000f54       0x51 ./Core/Src/gpio.o
 .debug_macro   0x0000000000000fa5      0x103 ./Core/Src/gpio.o
 .debug_macro   0x00000000000010a8       0x6a ./Core/Src/gpio.o
 .debug_macro   0x0000000000001112      0x1df ./Core/Src/gpio.o
 .debug_macro   0x00000000000012f1       0x1c ./Core/Src/gpio.o
 .debug_macro   0x000000000000130d       0x22 ./Core/Src/gpio.o
 .debug_macro   0x000000000000132f       0xbd ./Core/Src/gpio.o
 .debug_macro   0x00000000000013ec      0xd23 ./Core/Src/gpio.o
 .debug_macro   0x000000000000210f     0xe09e ./Core/Src/gpio.o
 .debug_macro   0x00000000000101ad       0x43 ./Core/Src/gpio.o
 .debug_macro   0x00000000000101f0      0x174 ./Core/Src/gpio.o
 .debug_macro   0x0000000000010364       0x5a ./Core/Src/gpio.o
 .debug_macro   0x00000000000103be      0x5be ./Core/Src/gpio.o
 .debug_macro   0x000000000001097c      0x289 ./Core/Src/gpio.o
 .debug_macro   0x0000000000010c05      0x1cb ./Core/Src/gpio.o
 .debug_macro   0x0000000000010dd0      0x114 ./Core/Src/gpio.o
 .debug_macro   0x0000000000010ee4      0x1b2 ./Core/Src/gpio.o
 .debug_macro   0x0000000000011096       0x27 ./Core/Src/gpio.o
 .debug_macro   0x00000000000110bd      0x136 ./Core/Src/gpio.o
 .debug_macro   0x00000000000111f3      0x1bc ./Core/Src/gpio.o
 .debug_macro   0x00000000000113af       0x34 ./Core/Src/gpio.o
 .debug_macro   0x00000000000113e3       0x3c ./Core/Src/gpio.o
 .debug_macro   0x000000000001141f       0x57 ./Core/Src/gpio.o
 .debug_macro   0x0000000000011476       0x88 ./Core/Src/gpio.o
 .debug_macro   0x00000000000114fe      0x241 ./Core/Src/gpio.o
 .debug_macro   0x000000000001173f      0x141 ./Core/Src/gpio.o
 .debug_macro   0x0000000000011880      0x88b ./Core/Src/gpio.o
 .debug_macro   0x000000000001210b       0x65 ./Core/Src/gpio.o
 .debug_macro   0x0000000000012170      0x249 ./Core/Src/gpio.o
 .debug_macro   0x00000000000123b9       0x83 ./Core/Src/gpio.o
 .debug_macro   0x000000000001243c       0x58 ./Core/Src/gpio.o
 .debug_macro   0x0000000000012494      0x401 ./Core/Src/main.o
 .debug_macro   0x0000000000012895       0x52 ./Core/Src/main.o
 .debug_macro   0x00000000000128e7       0x18 ./Core/Src/main.o
 .debug_macro   0x00000000000128ff       0x3c ./Core/Src/main.o
 .debug_macro   0x000000000001293b       0x34 ./Core/Src/main.o
 .debug_macro   0x000000000001296f       0x16 ./Core/Src/main.o
 .debug_macro   0x0000000000012985       0x35 ./Core/Src/main.o
 .debug_macro   0x00000000000129ba      0x341 ./Core/Src/main.o
 .debug_macro   0x0000000000012cfb       0x10 ./Core/Src/main.o
 .debug_macro   0x0000000000012d0b       0x16 ./Core/Src/main.o
 .debug_macro   0x0000000000012d21       0x43 ./Core/Src/main.o
 .debug_macro   0x0000000000012d64       0x34 ./Core/Src/main.o
 .debug_macro   0x0000000000012d98       0x10 ./Core/Src/main.o
 .debug_macro   0x0000000000012da8       0x58 ./Core/Src/main.o
 .debug_macro   0x0000000000012e00       0x71 ./Core/Src/main.o
 .debug_macro   0x0000000000012e71       0x1c ./Core/Src/main.o
 .debug_macro   0x0000000000012e8d      0x12a ./Core/Src/main.o
 .debug_macro   0x0000000000012fb7       0x10 ./Core/Src/main.o
 .debug_macro   0x0000000000012fc7       0x1c ./Core/Src/main.o
 .debug_macro   0x0000000000012fe3       0x52 ./Core/Src/main.o
 .debug_macro   0x0000000000013035       0x22 ./Core/Src/main.o
 .debug_macro   0x0000000000013057       0x10 ./Core/Src/main.o
 .debug_macro   0x0000000000013067       0x52 ./Core/Src/main.o
 .debug_macro   0x00000000000130b9       0xd5 ./Core/Src/main.o
 .debug_macro   0x000000000001318e       0x1c ./Core/Src/main.o
 .debug_macro   0x00000000000131aa       0x3d ./Core/Src/main.o
 .debug_macro   0x00000000000131e7       0x16 ./Core/Src/main.o
 .debug_macro   0x00000000000131fd      0x145 ./Core/Src/main.o
 .debug_macro   0x0000000000013342       0x16 ./Core/Src/main.o
 .debug_macro   0x0000000000013358       0x16 ./Core/Src/main.o
 .debug_macro   0x000000000001336e       0x29 ./Core/Src/main.o
 .debug_macro   0x0000000000013397       0x16 ./Core/Src/main.o
 .debug_macro   0x00000000000133ad       0x20 ./Core/Src/main.o
 .debug_macro   0x00000000000133cd       0x5f ./Core/Src/main.o
 .debug_macro   0x000000000001342c      0x1c8 ./Core/Src/main.o
 .debug_macro   0x00000000000135f4       0x5e ./Core/Src/main.o
 .debug_macro   0x0000000000013652      0x1c3 ./Core/Src/stm32f1xx_hal_msp.o
 .debug_macro   0x0000000000013815      0x1cd ./Core/Src/stm32f1xx_it.o
 .debug_macro   0x00000000000139e2      0x1ba ./Core/Src/system_stm32f1xx.o
 .debug_macro   0x0000000000013b9c      0x1cd ./Core/Src/tim.o
 .debug_macro   0x0000000000013d69      0x1d8 ./Drivers/STM32F1xx_HAL_Driver/Src/stm32f1xx_hal.o
 .debug_macro   0x0000000000013f41      0x1b4 ./Drivers/STM32F1xx_HAL_Driver/Src/stm32f1xx_hal_cortex.o
 .debug_macro   0x00000000000140f5      0x21f ./Drivers/STM32F1xx_HAL_Driver/Src/stm32f1xx_hal_gpio.o
 .debug_macro   0x0000000000014314      0x1c0 ./Drivers/STM32F1xx_HAL_Driver/Src/stm32f1xx_hal_pcd.o
 .debug_macro   0x00000000000144d4      0x1b4 ./Drivers/STM32F1xx_HAL_Driver/Src/stm32f1xx_hal_pcd_ex.o
 .debug_macro   0x0000000000014688      0x1c6 ./Drivers/STM32F1xx_HAL_Driver/Src/stm32f1xx_hal_rcc.o
 .debug_macro   0x000000000001484e      0x1b4 ./Drivers/STM32F1xx_HAL_Driver/Src/stm32f1xx_hal_rcc_ex.o
 .debug_macro   0x0000000000014a02      0x1b5 ./Drivers/STM32F1xx_HAL_Driver/Src/stm32f1xx_hal_tim.o
 .debug_macro   0x0000000000014bb7      0x1b4 ./Drivers/STM32F1xx_HAL_Driver/Src/stm32f1xx_hal_tim_ex.o
 .debug_macro   0x0000000000014d6b      0x1b4 ./Drivers/STM32F1xx_HAL_Driver/Src/stm32f1xx_ll_usb.o
 .debug_macro   0x0000000000014f1f      0x3d9 ./Middlewares/ST/STM32_USB_Device_Library/Class/HID/Src/usbd_hid.o
 .debug_macro   0x00000000000152f8       0x97 ./Middlewares/ST/STM32_USB_Device_Library/Class/HID/Src/usbd_hid.o
 .debug_macro   0x000000000001538f       0xfd ./Middlewares/ST/STM32_USB_Device_Library/Class/HID/Src/usbd_hid.o
 .debug_macro   0x000000000001548c       0x54 ./Middlewares/ST/STM32_USB_Device_Library/Class/HID/Src/usbd_hid.o
 .debug_macro   0x00000000000154e0      0x3c0 ./Middlewares/ST/STM32_USB_Device_Library/Core/Src/usbd_core.o
 .debug_macro   0x00000000000158a0      0x1ce ./Middlewares/ST/STM32_USB_Device_Library/Core/Src/usbd_core.o
 .debug_macro   0x0000000000015a6e      0x3ca ./Middlewares/ST/STM32_USB_Device_Library/Core/Src/usbd_ctlreq.o
 .debug_macro   0x0000000000015e38      0x3c6 ./Middlewares/ST/STM32_USB_Device_Library/Core/Src/usbd_ioreq.o
 .debug_macro   0x00000000000161fe      0x3f0 ./USB_DEVICE/App/usb_device.o
 .debug_macro   0x00000000000165ee       0x5e ./USB_DEVICE/App/usb_device.o
 .debug_macro   0x000000000001664c       0x22 ./USB_DEVICE/App/usb_device.o
 .debug_macro   0x000000000001666e      0x3fd ./USB_DEVICE/App/usbd_desc.o
 .debug_macro   0x0000000000016a6b       0x1c ./USB_DEVICE/App/usbd_desc.o
 .debug_macro   0x0000000000016a87      0x3dd ./USB_DEVICE/Target/usbd_conf.o

.debug_line     0x0000000000000000    0x10dab
 .debug_line    0x0000000000000000      0x66d ./Core/Src/gpio.o
 .debug_line    0x000000000000066d      0xadd ./Core/Src/main.o
 .debug_line    0x000000000000114a      0x63c ./Core/Src/stm32f1xx_hal_msp.o
 .debug_line    0x0000000000001786      0x72e ./Core/Src/stm32f1xx_it.o
 .debug_line    0x0000000000001eb4      0x6d7 ./Core/Src/system_stm32f1xx.o
 .debug_line    0x000000000000258b      0x6a9 ./Core/Src/tim.o
 .debug_line    0x0000000000002c34       0x84 ./Core/Startup/startup_stm32f103c8tx.o
 .debug_line    0x0000000000002cb8      0x8e1 ./Drivers/STM32F1xx_HAL_Driver/Src/stm32f1xx_hal.o
 .debug_line    0x0000000000003599      0xacf ./Drivers/STM32F1xx_HAL_Driver/Src/stm32f1xx_hal_cortex.o
 .debug_line    0x0000000000004068      0x981 ./Drivers/STM32F1xx_HAL_Driver/Src/stm32f1xx_hal_gpio.o
 .debug_line    0x00000000000049e9      0xf7a ./Drivers/STM32F1xx_HAL_Driver/Src/stm32f1xx_hal_pcd.o
 .debug_line    0x0000000000005963      0x6b5 ./Drivers/STM32F1xx_HAL_Driver/Src/stm32f1xx_hal_pcd_ex.o
 .debug_line    0x0000000000006018      0xcf5 ./Drivers/STM32F1xx_HAL_Driver/Src/stm32f1xx_hal_rcc.o
 .debug_line    0x0000000000006d0d      0x833 ./Drivers/STM32F1xx_HAL_Driver/Src/stm32f1xx_hal_rcc_ex.o
 .debug_line    0x0000000000007540     0x273a ./Drivers/STM32F1xx_HAL_Driver/Src/stm32f1xx_hal_tim.o
 .debug_line    0x0000000000009c7a     0x10e0 ./Drivers/STM32F1xx_HAL_Driver/Src/stm32f1xx_hal_tim_ex.o
 .debug_line    0x000000000000ad5a      0xd2c ./Drivers/STM32F1xx_HAL_Driver/Src/stm32f1xx_ll_usb.o
 .debug_line    0x000000000000ba86      0xb76 ./Middlewares/ST/STM32_USB_Device_Library/Class/HID/Src/usbd_hid.o
 .debug_line    0x000000000000c5fc      0xd3d ./Middlewares/ST/STM32_USB_Device_Library/Core/Src/usbd_core.o
 .debug_line    0x000000000000d339      0xf5f ./Middlewares/ST/STM32_USB_Device_Library/Core/Src/usbd_ctlreq.o
 .debug_line    0x000000000000e298      0x9d3 ./Middlewares/ST/STM32_USB_Device_Library/Core/Src/usbd_ioreq.o
 .debug_line    0x000000000000ec6b      0x978 ./USB_DEVICE/App/usb_device.o
 .debug_line    0x000000000000f5e3      0xa5c ./USB_DEVICE/App/usbd_desc.o
 .debug_line    0x000000000001003f      0xd6c ./USB_DEVICE/Target/usbd_conf.o

.debug_str      0x0000000000000000    0x743db
 .debug_str     0x0000000000000000    0x6b5c0 ./Core/Src/gpio.o
                                      0x6b876 (size before relaxing)
 .debug_str     0x000000000006b5c0     0x53f9 ./Core/Src/main.o
                                      0x70cca (size before relaxing)
 .debug_str     0x00000000000709b9       0x5a ./Core/Src/stm32f1xx_hal_msp.o
                                      0x6b7fe (size before relaxing)
 .debug_str     0x0000000000070a13      0x3c7 ./Core/Src/stm32f1xx_it.o
                                      0x6bf49 (size before relaxing)
 .debug_str     0x0000000000070dda       0xee ./Core/Src/system_stm32f1xx.o
                                      0x6b71e (size before relaxing)
 .debug_str     0x0000000000070ec8      0x3e6 ./Core/Src/tim.o
                                      0x6c01d (size before relaxing)
 .debug_str     0x00000000000712ae       0x81 ./Core/Startup/startup_stm32f103c8tx.o
 .debug_str     0x000000000007132f      0x43e ./Drivers/STM32F1xx_HAL_Driver/Src/stm32f1xx_hal.o
                                      0x6bdca (size before relaxing)
 .debug_str     0x000000000007176d      0x234 ./Drivers/STM32F1xx_HAL_Driver/Src/stm32f1xx_hal_cortex.o
                                      0x6bd23 (size before relaxing)
 .debug_str     0x00000000000719a1      0x2e5 ./Drivers/STM32F1xx_HAL_Driver/Src/stm32f1xx_hal_gpio.o
                                      0x6ba2a (size before relaxing)
 .debug_str     0x0000000000071c86      0x530 ./Drivers/STM32F1xx_HAL_Driver/Src/stm32f1xx_hal_pcd.o
                                      0x6bec7 (size before relaxing)
 .debug_str     0x00000000000721b6      0x170 ./Drivers/STM32F1xx_HAL_Driver/Src/stm32f1xx_hal_pcd_ex.o
                                      0x6baff (size before relaxing)
 .debug_str     0x0000000000072326      0x23d ./Drivers/STM32F1xx_HAL_Driver/Src/stm32f1xx_hal_rcc.o
                                      0x6bad3 (size before relaxing)
 .debug_str     0x0000000000072563       0x9f ./Drivers/STM32F1xx_HAL_Driver/Src/stm32f1xx_hal_rcc_ex.o
                                      0x6b823 (size before relaxing)
 .debug_str     0x0000000000072602      0xd85 ./Drivers/STM32F1xx_HAL_Driver/Src/stm32f1xx_hal_tim.o
                                      0x6c8b7 (size before relaxing)
 .debug_str     0x0000000000073387      0x4a2 ./Drivers/STM32F1xx_HAL_Driver/Src/stm32f1xx_hal_tim_ex.o
                                      0x6c100 (size before relaxing)
 .debug_str     0x0000000000073829      0x187 ./Drivers/STM32F1xx_HAL_Driver/Src/stm32f1xx_ll_usb.o
                                      0x6bb69 (size before relaxing)
 .debug_str     0x00000000000739b0      0x28e ./Middlewares/ST/STM32_USB_Device_Library/Class/HID/Src/usbd_hid.o
                                      0x707e0 (size before relaxing)
 .debug_str     0x0000000000073c3e      0x298 ./Middlewares/ST/STM32_USB_Device_Library/Core/Src/usbd_core.o
                                      0x7067b (size before relaxing)
 .debug_str     0x0000000000073ed6      0x11b ./Middlewares/ST/STM32_USB_Device_Library/Core/Src/usbd_ctlreq.o
                                      0x70595 (size before relaxing)
 .debug_str     0x0000000000073ff1       0x79 ./Middlewares/ST/STM32_USB_Device_Library/Core/Src/usbd_ioreq.o
                                      0x704c2 (size before relaxing)
 .debug_str     0x000000000007406a       0xa2 ./USB_DEVICE/App/usb_device.o
                                      0x70637 (size before relaxing)
 .debug_str     0x000000000007410c      0x257 ./USB_DEVICE/App/usbd_desc.o
                                      0x703fd (size before relaxing)
 .debug_str     0x0000000000074363       0x78 ./USB_DEVICE/Target/usbd_conf.o
                                      0x71151 (size before relaxing)

.comment        0x0000000000000000       0x50
 .comment       0x0000000000000000       0x50 ./Core/Src/gpio.o
                                         0x51 (size before relaxing)
 .comment       0x0000000000000050       0x51 ./Core/Src/main.o
 .comment       0x0000000000000050       0x51 ./Core/Src/stm32f1xx_hal_msp.o
 .comment       0x0000000000000050       0x51 ./Core/Src/stm32f1xx_it.o
 .comment       0x0000000000000050       0x51 ./Core/Src/system_stm32f1xx.o
 .comment       0x0000000000000050       0x51 ./Core/Src/tim.o
 .comment       0x0000000000000050       0x51 ./Drivers/STM32F1xx_HAL_Driver/Src/stm32f1xx_hal.o
 .comment       0x0000000000000050       0x51 ./Drivers/STM32F1xx_HAL_Driver/Src/stm32f1xx_hal_cortex.o
 .comment       0x0000000000000050       0x51 ./Drivers/STM32F1xx_HAL_Driver/Src/stm32f1xx_hal_gpio.o
 .comment       0x0000000000000050       0x51 ./Drivers/STM32F1xx_HAL_Driver/Src/stm32f1xx_hal_pcd.o
 .comment       0x0000000000000050       0x51 ./Drivers/STM32F1xx_HAL_Driver/Src/stm32f1xx_hal_pcd_ex.o
 .comment       0x0000000000000050       0x51 ./Drivers/STM32F1xx_HAL_Driver/Src/stm32f1xx_hal_rcc.o
 .comment       0x0000000000000050       0x51 ./Drivers/STM32F1xx_HAL_Driver/Src/stm32f1xx_hal_rcc_ex.o
 .comment       0x0000000000000050       0x51 ./Drivers/STM32F1xx_HAL_Driver/Src/stm32f1xx_hal_tim.o
 .comment       0x0000000000000050       0x51 ./Drivers/STM32F1xx_HAL_Driver/Src/stm32f1xx_hal_tim_ex.o
 .comment       0x0000000000000050       0x51 ./Drivers/STM32F1xx_HAL_Driver/Src/stm32f1xx_ll_usb.o
 .comment       0x0000000000000050       0x51 ./Middlewares/ST/STM32_USB_Device_Library/Class/HID/Src/usbd_hid.o
 .comment       0x0000000000000050       0x51 ./Middlewares/ST/STM32_USB_Device_Library/Core/Src/usbd_core.o
 .comment       0x0000000000000050       0x51 ./Middlewares/ST/STM32_USB_Device_Library/Core/Src/usbd_ctlreq.o
 .comment       0x0000000000000050       0x51 ./Middlewares/ST/STM32_USB_Device_Library/Core/Src/usbd_ioreq.o
 .comment       0x0000000000000050       0x51 ./USB_DEVICE/App/usb_device.o
 .comment       0x0000000000000050       0x51 ./USB_DEVICE/App/usbd_desc.o
 .comment       0x0000000000000050       0x51 ./USB_DEVICE/Target/usbd_conf.o

.debug_frame    0x0000000000000000     0x3db4
 .debug_frame   0x0000000000000000       0x34 ./Core/Src/gpio.o
 .debug_frame   0x0000000000000034       0x90 ./Core/Src/main.o
 .debug_frame   0x00000000000000c4       0x38 ./Core/Src/stm32f1xx_hal_msp.o
 .debug_frame   0x00000000000000fc      0x13c ./Core/Src/stm32f1xx_it.o
 .debug_frame   0x0000000000000238       0x58 ./Core/Src/system_stm32f1xx.o
 .debug_frame   0x0000000000000290       0x7c ./Core/Src/tim.o
 .debug_frame   0x000000000000030c      0x334 ./Drivers/STM32F1xx_HAL_Driver/Src/stm32f1xx_hal.o
 .debug_frame   0x0000000000000640      0x428 ./Drivers/STM32F1xx_HAL_Driver/Src/stm32f1xx_hal_cortex.o
 .debug_frame   0x0000000000000a68      0x14c ./Drivers/STM32F1xx_HAL_Driver/Src/stm32f1xx_hal_gpio.o
 .debug_frame   0x0000000000000bb4      0x500 ./Drivers/STM32F1xx_HAL_Driver/Src/stm32f1xx_hal_pcd.o
 .debug_frame   0x00000000000010b4       0xb0 ./Drivers/STM32F1xx_HAL_Driver/Src/stm32f1xx_hal_pcd_ex.o
 .debug_frame   0x0000000000001164      0x21c ./Drivers/STM32F1xx_HAL_Driver/Src/stm32f1xx_hal_rcc.o
 .debug_frame   0x0000000000001380       0x84 ./Drivers/STM32F1xx_HAL_Driver/Src/stm32f1xx_hal_rcc_ex.o
 .debug_frame   0x0000000000001404     0x10e8 ./Drivers/STM32F1xx_HAL_Driver/Src/stm32f1xx_hal_tim.o
 .debug_frame   0x00000000000024ec      0x5c0 ./Drivers/STM32F1xx_HAL_Driver/Src/stm32f1xx_hal_tim_ex.o
 .debug_frame   0x0000000000002aac      0x4d8 ./Drivers/STM32F1xx_HAL_Driver/Src/stm32f1xx_ll_usb.o
 .debug_frame   0x0000000000002f84      0x190 ./Middlewares/ST/STM32_USB_Device_Library/Class/HID/Src/usbd_hid.o
 .debug_frame   0x0000000000003114      0x300 ./Middlewares/ST/STM32_USB_Device_Library/Core/Src/usbd_core.o
 .debug_frame   0x0000000000003414      0x218 ./Middlewares/ST/STM32_USB_Device_Library/Core/Src/usbd_ctlreq.o
 .debug_frame   0x000000000000362c      0x10c ./Middlewares/ST/STM32_USB_Device_Library/Core/Src/usbd_ioreq.o
 .debug_frame   0x0000000000003738       0x2c ./USB_DEVICE/App/usb_device.o
 .debug_frame   0x0000000000003764      0x160 ./USB_DEVICE/App/usbd_desc.o
 .debug_frame   0x00000000000038c4      0x4a4 ./USB_DEVICE/Target/usbd_conf.o
 .debug_frame   0x0000000000003d68       0x2c /opt/st/stm32cubeide_1.10.1/plugins/com.st.stm32cube.ide.mcu.externaltools.gnu-tools-for-stm32.10.3-2021.10.linux64_1.0.0.202111181127/tools/bin/../lib/gcc/arm-none-eabi/10.3.1/../../../../arm-none-eabi/lib/thumb/v7-m/nofp/libc_nano.a(lib_a-init.o)
 .debug_frame   0x0000000000003d94       0x20 /opt/st/stm32cubeide_1.10.1/plugins/com.st.stm32cube.ide.mcu.externaltools.gnu-tools-for-stm32.10.3-2021.10.linux64_1.0.0.202111181127/tools/bin/../lib/gcc/arm-none-eabi/10.3.1/../../../../arm-none-eabi/lib/thumb/v7-m/nofp/libc_nano.a(lib_a-memset.o)
